<html>
<body>
<pre>
<h1>µVision Build Log</h1>
<h2>Tool Versions:</h2>
IDE-Version: ¦ÌVision V5.25.2.0
Copyright (C) 2018 ARM Ltd and ARM Germany GmbH. All rights reserved.
License Information: Xiong Yikai, Hust, LIC=JGX30-BVPLP-F9LGF-6IAD1-IGF92-NV7L2
 
Tool Versions:
Toolchain:       MDK-ARM Basic (256K)  Version: 5.25.2.0
Toolchain Path:  C:\Keil_v5\ARM\ARMCC\Bin
C Compiler:      Armcc.exe V5.06 update 6 (build 750)
Assembler:       Armasm.exe V5.06 update 6 (build 750)
Linker/Locator:  ArmLink.exe V5.06 update 6 (build 750)
Library Manager: ArmAr.exe V5.06 update 6 (build 750)
Hex Converter:   FromElf.exe V5.06 update 6 (build 750)
CPU DLL:         SARMCM3.DLL V5.25.2.0
Dialog DLL:      DCM.DLL V1.17.1.0
Target DLL:      Segger\JL2CM3.dll V2.99.29.0
Dialog DLL:      TCM.DLL V1.35.1.0
 
<h2>Project:</h2>
C:\Users\yikai\Documents\keilProject\modelProject\project\model.uvprojx
Project File Date:  10/13/2018

<h2>Output:</h2>
*** Using Compiler 'V5.06 update 6 (build 750)', folder: 'C:\Keil_v5\ARM\ARMCC\Bin'
Rebuild target 'project'
compiling core_cm3.c...
assembling startup_stm32f10x_md.s...
compiling main.c...
..\hardware\PID.h(52): warning:  #1-D: last line of file ends without a newline
  #endif
..\user\main.c(85): warning:  #111-D: statement is unreachable
  	return 0;
..\user\main.c: 2 warnings, 0 errors
compiling stm32f10x_it.c...
compiling system_stm32f10x.c...
compiling GPIO.c...
..\hardware\PID.h(52): warning:  #1-D: last line of file ends without a newline
  #endif
..\hardware\GPIO.c(8): warning:  #188-D: enumerated type mixed with another type
  	gpio.GPIO_Mode = mode;
..\hardware\GPIO.c(9): warning:  #188-D: enumerated type mixed with another type
  	gpio.GPIO_Speed = speed;
..\hardware\GPIO.c: 3 warnings, 0 errors
compiling delay.c...
compiling JY901.c...
..\hardware\PID.h(52): warning:  #1-D: last line of file ends without a newline
  #endif
..\hardware\JY901.c(42): warning:  #1-D: last line of file ends without a newline
  }
..\hardware\JY901.c: 2 warnings, 0 errors
compiling sys.c...
compiling PID.c...
..\hardware\PID.h(52): warning:  #1-D: last line of file ends without a newline
  #endif
..\hardware\PID.c: 1 warning, 0 errors
compiling Uarts.c...
..\hardware\PID.h(52): warning:  #1-D: last line of file ends without a newline
  #endif
..\hardware\Uarts.c(123): warning:  #1295-D: Deprecated declaration SerialEnventListener - give arg types
  void SerialEnventListener();
..\hardware\Uarts.c: 2 warnings, 0 errors
compiling Encoder.c...
..\hardware\PID.h(52): warning:  #1-D: last line of file ends without a newline
  #endif
..\hardware\Encoder.c(90): warning:  #1-D: last line of file ends without a newline
  }
..\hardware\Encoder.c: 2 warnings, 0 errors
compiling mpu6050.c...
..\hardware\PID.h(52): warning:  #1-D: last line of file ends without a newline
  #endif
..\hardware\mpu6050.c: 1 warning, 0 errors
compiling mpuiic.c...
compiling misc.c...
compiling inv_mpu_dmp_motion_driver.c...
..\hardware\PID.h(52): warning:  #1-D: last line of file ends without a newline
  #endif
..\hardware\eMPL\inv_mpu_dmp_motion_driver.c: 1 warning, 0 errors
compiling stm32f10x_adc.c...
compiling inv_mpu.c...
..\hardware\PID.h(52): warning:  #1-D: last line of file ends without a newline
  #endif
..\hardware\eMPL\inv_mpu.c: 1 warning, 0 errors
compiling stm32f10x_bkp.c...
compiling stm32f10x_cec.c...
compiling stm32f10x_crc.c...
compiling stm32f10x_can.c...
compiling stm32f10x_dac.c...
compiling stm32f10x_dbgmcu.c...
compiling stm32f10x_dma.c...
compiling stm32f10x_exti.c...
compiling stm32f10x_flash.c...
compiling stm32f10x_fsmc.c...
compiling stm32f10x_gpio.c...
compiling stm32f10x_i2c.c...
compiling stm32f10x_iwdg.c...
compiling stm32f10x_pwr.c...
compiling stm32f10x_rtc.c...
compiling stm32f10x_rcc.c...
compiling stm32f10x_sdio.c...
compiling stm32f10x_spi.c...
compiling stm32f10x_usart.c...
compiling stm32f10x_wwdg.c...
compiling stm32f10x_tim.c...
linking...
Program Size: Code=24996 RO-data=3760 RW-data=160 ZI-data=2656  
".\model.axf" - 0 Error(s), 15 Warning(s).

<h2>Software Packages used:</h2>

Package Vendor: Keil
                http://www.keil.com/pack/Keil.STM32F1xx_DFP.2.2.0.pack
                Keil.STM32F1xx_DFP.2.2.0
                STMicroelectronics STM32F1 Series Device Support, Drivers and Examples

<h2>Collection of Component include folders:</h2>
  .\RTE\_project
  C:\Keil_v5\ARM\PACK\Keil\STM32F1xx_DFP\2.2.0\Device\Include

<h2>Collection of Component Files used:</h2>
Build Time Elapsed:  00:00:03
</pre>
</body>
</html>
