Component: ARM Compiler 5.06 update 6 (build 750) Tool: armlink [4d35ed]

==============================================================================

Section Cross References

    main.o(i.main) refers to stm32f10x_rcc.o(i.RCC_APB1PeriphClockCmd) for RCC_APB1PeriphClockCmd
    main.o(i.main) refers to stm32f10x_rcc.o(i.RCC_APB2PeriphClockCmd) for RCC_APB2PeriphClockCmd
    main.o(i.main) refers to stm32f10x_gpio.o(i.GPIO_Init) for GPIO_Init
    main.o(i.main) refers to stm32f10x_tim.o(i.TIM_TimeBaseInit) for TIM_TimeBaseInit
    main.o(i.main) refers to stm32f10x_tim.o(i.TIM_OC2Init) for TIM_OC2Init
    main.o(i.main) refers to stm32f10x_tim.o(i.TIM_OC1Init) for TIM_OC1Init
    main.o(i.main) refers to stm32f10x_tim.o(i.TIM_OC3Init) for TIM_OC3Init
    main.o(i.main) refers to stm32f10x_tim.o(i.TIM_OC4Init) for TIM_OC4Init
    main.o(i.main) refers to stm32f10x_tim.o(i.TIM_Cmd) for TIM_Cmd
    main.o(i.main) refers to stm32f10x_tim.o(i.TIM_OC1PreloadConfig) for TIM_OC1PreloadConfig
    main.o(i.main) refers to stm32f10x_tim.o(i.TIM_OC2PreloadConfig) for TIM_OC2PreloadConfig
    main.o(i.main) refers to stm32f10x_tim.o(i.TIM_OC3PreloadConfig) for TIM_OC3PreloadConfig
    main.o(i.main) refers to stm32f10x_tim.o(i.TIM_OC4PreloadConfig) for TIM_OC4PreloadConfig
    main.o(i.main) refers to pid.o(i.pidInit) for pidInit
    main.o(i.main) refers to mpu6050.o(i.MPU_Init) for MPU_Init
    main.o(i.main) refers to inv_mpu.o(i.mpu_dmp_init) for mpu_dmp_init
    main.o(i.main) refers to inv_mpu.o(i.mpu_dmp_get_data) for mpu_dmp_get_data
    main.o(i.main) refers to stm32f10x_gpio.o(i.GPIO_SetBits) for GPIO_SetBits
    main.o(i.main) refers to stm32f10x_tim.o(i.TIM_SetCompare1) for TIM_SetCompare1
    main.o(i.main) refers to stm32f10x_tim.o(i.TIM_SetCompare2) for TIM_SetCompare2
    main.o(i.main) refers to stm32f10x_tim.o(i.TIM_SetCompare3) for TIM_SetCompare3
    main.o(i.main) refers to stm32f10x_tim.o(i.TIM_SetCompare4) for TIM_SetCompare4
    main.o(i.main) refers to main.o(.data) for yaw
    system_stm32f10x.o(i.SetSysClock) refers to system_stm32f10x.o(i.SetSysClockTo72) for SetSysClockTo72
    system_stm32f10x.o(i.SystemCoreClockUpdate) refers to system_stm32f10x.o(.data) for SystemCoreClock
    system_stm32f10x.o(i.SystemInit) refers to system_stm32f10x.o(i.SetSysClock) for SetSysClock
    startup_stm32f10x_md.o(STACK) refers (Special) to heapauxi.o(.text) for __use_two_region_memory
    startup_stm32f10x_md.o(HEAP) refers (Special) to heapauxi.o(.text) for __use_two_region_memory
    startup_stm32f10x_md.o(RESET) refers (Special) to heapauxi.o(.text) for __use_two_region_memory
    startup_stm32f10x_md.o(RESET) refers to startup_stm32f10x_md.o(STACK) for __initial_sp
    startup_stm32f10x_md.o(RESET) refers to startup_stm32f10x_md.o(.text) for Reset_Handler
    startup_stm32f10x_md.o(RESET) refers to stm32f10x_it.o(i.NMI_Handler) for NMI_Handler
    startup_stm32f10x_md.o(RESET) refers to stm32f10x_it.o(i.HardFault_Handler) for HardFault_Handler
    startup_stm32f10x_md.o(RESET) refers to stm32f10x_it.o(i.MemManage_Handler) for MemManage_Handler
    startup_stm32f10x_md.o(RESET) refers to stm32f10x_it.o(i.BusFault_Handler) for BusFault_Handler
    startup_stm32f10x_md.o(RESET) refers to stm32f10x_it.o(i.UsageFault_Handler) for UsageFault_Handler
    startup_stm32f10x_md.o(RESET) refers to stm32f10x_it.o(i.SVC_Handler) for SVC_Handler
    startup_stm32f10x_md.o(RESET) refers to stm32f10x_it.o(i.DebugMon_Handler) for DebugMon_Handler
    startup_stm32f10x_md.o(RESET) refers to stm32f10x_it.o(i.PendSV_Handler) for PendSV_Handler
    startup_stm32f10x_md.o(RESET) refers to stm32f10x_it.o(i.SysTick_Handler) for SysTick_Handler
    startup_stm32f10x_md.o(RESET) refers to uarts.o(i.USART3_IRQHandler) for USART3_IRQHandler
    startup_stm32f10x_md.o(.text) refers (Special) to heapauxi.o(.text) for __use_two_region_memory
    startup_stm32f10x_md.o(.text) refers to system_stm32f10x.o(i.SystemInit) for SystemInit
    startup_stm32f10x_md.o(.text) refers to __main.o(!!!main) for __main
    startup_stm32f10x_md.o(.text) refers to startup_stm32f10x_md.o(HEAP) for Heap_Mem
    startup_stm32f10x_md.o(.text) refers to startup_stm32f10x_md.o(STACK) for Stack_Mem
    gpio.o(i.GPIOInit) refers to stm32f10x_rcc.o(i.RCC_APB2PeriphClockCmd) for RCC_APB2PeriphClockCmd
    gpio.o(i.GPIOInit) refers to stm32f10x_gpio.o(i.GPIO_Init) for GPIO_Init
    delay.o(i.delay_init) refers to misc.o(i.SysTick_CLKSourceConfig) for SysTick_CLKSourceConfig
    delay.o(i.delay_init) refers to system_stm32f10x.o(.data) for SystemCoreClock
    delay.o(i.delay_init) refers to delay.o(.data) for fac_us
    delay.o(i.delay_ms) refers to delay.o(.data) for fac_ms
    delay.o(i.delay_us) refers to delay.o(.data) for fac_us
    jy901.o(i.SerialEnventListener) refers to jy901.o(.data) for rxCnt
    jy901.o(i.SerialEnventListener) refers to jy901.o(.bss) for rxBuffer
    uarts.o(i.NvicConfiguration) refers to misc.o(i.NVIC_Init) for NVIC_Init
[...]
    x$fpl$dnaninf                            0x08005600   Section      156  dnaninf.o(x$fpl$dnaninf)
    x$fpl$dretinf                            0x0800569c   Section       12  dretinf.o(x$fpl$dretinf)
    x$fpl$drsb                               0x080056a8   Section       22  daddsub_clz.o(x$fpl$drsb)
    x$fpl$dsqrt                              0x080056c0   Section      460  dsqrt_noumaal.o(x$fpl$dsqrt)
    x$fpl$dsub                               0x0800588c   Section      468  daddsub_clz.o(x$fpl$dsub)
    _dsub1                                   0x0800589d   Thumb Code     0  daddsub_clz.o(x$fpl$dsub)
    x$fpl$f2d                                0x08005a60   Section       86  f2d.o(x$fpl$f2d)
    x$fpl$fadd                               0x08005ab8   Section      196  faddsub_clz.o(x$fpl$fadd)
    _fadd1                                   0x08005ac7   Thumb Code     0  faddsub_clz.o(x$fpl$fadd)
    x$fpl$fcmpinf                            0x08005b7c   Section       24  fcmpi.o(x$fpl$fcmpinf)
    x$fpl$fdiv                               0x08005b94   Section      388  fdiv.o(x$fpl$fdiv)
    _fdiv1                                   0x08005b95   Thumb Code     0  fdiv.o(x$fpl$fdiv)
    x$fpl$feqf                               0x08005d18   Section      104  feqf.o(x$fpl$feqf)
    x$fpl$ffix                               0x08005d80   Section       54  ffix.o(x$fpl$ffix)
    x$fpl$ffixu                              0x08005db8   Section       62  ffixu.o(x$fpl$ffixu)
    x$fpl$fflt                               0x08005df8   Section       48  fflt_clz.o(x$fpl$fflt)
    x$fpl$ffltu                              0x08005e28   Section       38  fflt_clz.o(x$fpl$ffltu)
    x$fpl$fleqf                              0x08005e50   Section      104  fleqf.o(x$fpl$fleqf)
    x$fpl$fmul                               0x08005eb8   Section      258  fmul.o(x$fpl$fmul)
    x$fpl$fnaninf                            0x08005fba   Section      140  fnaninf.o(x$fpl$fnaninf)
    x$fpl$fretinf                            0x08006046   Section       10  fretinf.o(x$fpl$fretinf)
    x$fpl$frleqf                             0x08006050   Section       98  frleqf.o(x$fpl$frleqf)
    x$fpl$fsub                               0x080060b4   Section      234  faddsub_clz.o(x$fpl$fsub)
    _fsub1                                   0x080060c3   Thumb Code     0  faddsub_clz.o(x$fpl$fsub)
    x$fpl$retnan                             0x0800619e   Section      100  retnan.o(x$fpl$retnan)
    x$fpl$scalbn                             0x08006202   Section       92  scalbn.o(x$fpl$scalbn)
    x$fpl$trapveneer                         0x0800625e   Section       48  trapv.o(x$fpl$trapveneer)
    x$fpl$usenofp                            0x0800628e   Section        0  usenofp.o(x$fpl$usenofp)
    .constdata                               0x08006290   Section       80  inv_mpu.o(.constdata)
    .constdata                               0x080062e0   Section     3062  inv_mpu_dmp_motion_driver.o(.constdata)
    dmp_memory                               0x080062e0   Data        3062  inv_mpu_dmp_motion_driver.o(.constdata)
    .constdata                               0x08006ed6   Section       17  __printf_flags_wp.o(.constdata)
    maptable                                 0x08006ed6   Data          17  __printf_flags_wp.o(.constdata)
    .constdata                               0x08006ee8   Section       80  asin.o(.constdata)
    pS                                       0x08006ee8   Data          48  asin.o(.constdata)
    qS                                       0x08006f18   Data          32  asin.o(.constdata)
    .constdata                               0x08006f38   Section      152  atan.o(.constdata)
    atanhi                                   0x08006f38   Data          32  atan.o(.constdata)
    atanlo                                   0x08006f58   Data          32  atan.o(.constdata)
    aTodd                                    0x08006f78   Data          40  atan.o(.constdata)
    aTeven                                   0x08006fa0   Data          48  atan.o(.constdata)
    .constdata                               0x08006fd0   Section        8  qnan.o(.constdata)
    .constdata                               0x08006fd8   Section        4  sys_io.o(.constdata)
    .constdata                               0x08006fdc   Section        4  sys_io.o(.constdata)
    .constdata                               0x08006fe0   Section        4  sys_io.o(.constdata)
    .conststring                             0x08006fe4   Section       77  inv_mpu.o(.conststring)
    .data                                    0x20000000   Section       12  main.o(.data)
    .data                                    0x2000000c   Section        4  delay.o(.data)
    fac_us                                   0x2000000c   Data           1  delay.o(.data)
    fac_ms                                   0x2000000e   Data           2  delay.o(.data)
    .data                                    0x20000010   Section       73  jy901.o(.data)
    rxCnt                                    0x20000058   Data           1  jy901.o(.data)
    .data                                    0x20000059   Section        2  uarts.o(.data)
    .data                                    0x2000005c   Section       53  inv_mpu.o(.data)
    st                                       0x2000005c   Data          44  inv_mpu.o(.data)
    gyro_orientation                         0x20000088   Data           9  inv_mpu.o(.data)
    .data                                    0x20000094   Section        4  stdio_streams.o(.data)
    .data                                    0x20000098   Section        4  stdio_streams.o(.data)
    .data                                    0x2000009c   Section        4  stdio_streams.o(.data)
    .bss                                     0x200000a0   Section      250  jy901.o(.bss)
    rxBuffer                                 0x200000a0   Data         250  jy901.o(.bss)
    .bss                                     0x2000019a   Section      506  uarts.o(.bss)
    .bss                                     0x20000394   Section       16  inv_mpu_dmp_motion_driver.o(.bss)
    dmp                                      0x20000394   Data          16  inv_mpu_dmp_motion_driver.o(.bss)
    .bss                                     0x200003a4   Section       84  stdio_streams.o(.bss)
    .bss                                     0x200003f8   Section       84  stdio_streams.o(.bss)
    .bss                                     0x2000044c   Section       84  stdio_streams.o(.bss)
    .bss                                     0x200004a0   Section       96  libspace.o(.bss)
    HEAP                                     0x20000500   Section      512  startup_stm32f10x_md.o(HEAP)
    Heap_Mem                                 0x20000500   Data         512  startup_stm32f10x_md.o(HEAP)
    STACK                                    0x20000700   Section     1024  startup_stm32f10x_md.o(STACK)
    Stack_Mem                                0x20000700   Data        1024  startup_stm32f10x_md.o(STACK)
    __initial_sp                             0x20000b00   Data           0  startup_stm32f10x_md.o(STACK)

    Global Symbols

    Symbol Name                              Value     Ov Type        Size  Object(Section)

    BuildAttributes$$THM_ISAv4$P$D$K$B$S$PE$A:L22UL41UL21$X:L11$S22US41US21$IEEE1$IW$USESV6$~STKCKD$USESV7$~SHL$OTIME$ROPI$IEEEX$EBA8$UX$STANDARDLIB$REQ8$PRES8$EABIv2 0x00000000   Number         0  anon$$obj.o ABSOLUTE
    __ARM_use_no_argv                        0x00000000   Number         0  main.o ABSOLUTE
    _printf_flags                            0x00000000   Number         0  printf_stubs.o ABSOLUTE
    _printf_return_value                     0x00000000   Number         0  printf_stubs.o ABSOLUTE
    _printf_sizespec                         0x00000000   Number         0  printf_stubs.o ABSOLUTE
    _printf_widthprec                        0x00000000   Number         0  printf_stubs.o ABSOLUTE
    __ARM_exceptions_init                     - Undefined Weak Reference
    __alloca_initialize                       - Undefined Weak Reference
    __arm_preinit_                            - Undefined Weak Reference
    __cpp_initialize__aeabi_                  - Undefined Weak Reference
    __cxa_finalize                            - Undefined Weak Reference
    __rt_locale                               - Undefined Weak Reference
    __sigvec_lookup                           - Undefined Weak Reference
    __user_heap_extent                        - Undefined Weak Reference
    _atexit_init                              - Undefined Weak Reference
    _call_atexit_fns                          - Undefined Weak Reference
    _clock_init                               - Undefined Weak Reference
    _fp_trap_init                             - Undefined Weak Reference
    _fp_trap_shutdown                         - Undefined Weak Reference
    _get_lc_collate                           - Undefined Weak Reference
    _get_lc_ctype                             - Undefined Weak Reference
    _get_lc_monetary                          - Undefined Weak Reference
    _get_lc_numeric                           - Undefined Weak Reference
    _get_lc_time                              - Undefined Weak Reference
    _getenv_init                              - Undefined Weak Reference
    _handle_redirection                       - Undefined Weak Reference
    _mutex_acquire                            - Undefined Weak Reference
    _mutex_free                               - Undefined Weak Reference
    _mutex_release                            - Undefined Weak Reference
    _printf_truncate_signed                   - Undefined Weak Reference
    _printf_truncate_unsigned                 - Undefined Weak Reference
    _rand_init                                - Undefined Weak Reference
    _signal_finish                            - Undefined Weak Reference
    _signal_init                              - Undefined Weak Reference
    __Vectors_Size                           0x000000ec   Number         0  startup_stm32f10x_md.o ABSOLUTE
    __Vectors                                0x08000000   Data           4  startup_stm32f10x_md.o(RESET)
    __Vectors_End                            0x080000ec   Data           0  startup_stm32f10x_md.o(RESET)
    __main                                   0x080000ed   Thumb Code     8  __main.o(!!!main)
    __scatterload                            0x080000f5   Thumb Code     0  __scatter.o(!!!scatter)
    __scatterload_rt2                        0x080000f5   Thumb Code    44  __scatter.o(!!!scatter)
    __scatterload_rt2_thumb_only             0x080000f5   Thumb Code     0  __scatter.o(!!!scatter)
    __scatterload_null                       0x08000103   Thumb Code     0  __scatter.o(!!!scatter)
    __scatterload_copy                       0x08000129   Thumb Code    26  __scatter_copy.o(!!handler_copy)
    __scatterload_zeroinit                   0x08000145   Thumb Code    28  __scatter_zi.o(!!handler_zi)
    _printf_d                                0x08000161   Thumb Code     0  _printf_d.o(.ARM.Collect$$_printf_percent$$00000009)
    _printf_percent                          0x08000161   Thumb Code     0  _printf_percent.o(.ARM.Collect$$_printf_percent$$00000000)
    _printf_percent_end                      0x08000167   Thumb Code     0  _printf_percent_end.o(.ARM.Collect$$_printf_percent$$00000017)
    __rt_lib_init                            0x0800016b   Thumb Code     0  libinit.o(.ARM.Collect$$libinit$$00000000)
    __rt_lib_init_fp_1                       0x0800016d   Thumb Code     0  libinit2.o(.ARM.Collect$$libinit$$00000002)
    __rt_lib_init_heap_2                     0x0800016d   Thumb Code     0  libinit2.o(.ARM.Collect$$libinit$$00000005)
    __rt_lib_init_preinit_1                  0x0800016d   Thumb Code     0  libinit2.o(.ARM.Collect$$libinit$$00000004)
    __rt_lib_init_atexit_1                   0x08000175   Thumb Code     0  libinit2.o(.ARM.Collect$$libinit$$0000001B)
    __rt_lib_init_clock_1                    0x08000175   Thumb Code     0  libinit2.o(.ARM.Collect$$libinit$$00000021)
    __rt_lib_init_fp_trap_1                  0x08000175   Thumb Code     0  libinit2.o(.ARM.Collect$$libinit$$0000001F)
    __rt_lib_init_getenv_1                   0x08000175   Thumb Code     0  libinit2.o(.ARM.Collect$$libinit$$00000023)
    __rt_lib_init_heap_1                     0x08000175   Thumb Code     0  libinit2.o(.ARM.Collect$$libinit$$0000000A)
    __rt_lib_init_lc_collate_1               0x08000175   Thumb Code     0  libinit2.o(.ARM.Collect$$libinit$$00000011)
    __rt_lib_init_lc_ctype_1                 0x08000175   Thumb Code     0  libinit2.o(.ARM.Collect$$libinit$$00000013)
    __rt_lib_init_lc_monetary_1              0x08000175   Thumb Code     0  libinit2.o(.ARM.Collect$$libinit$$00000015)
    __rt_lib_init_lc_numeric_1               0x08000175   Thumb Code     0  libinit2.o(.ARM.Collect$$libinit$$00000017)
    __rt_lib_init_lc_time_1                  0x08000175   Thumb Code     0  libinit2.o(.ARM.Collect$$libinit$$00000019)
    __rt_lib_init_rand_1                     0x08000175   Thumb Code     0  libinit2.o(.ARM.Collect$$libinit$$0000000E)
    __rt_lib_init_signal_1                   0x08000175   Thumb Code     0  libinit2.o(.ARM.Collect$$libinit$$0000001D)
    __rt_lib_init_stdio_2                    0x08000175   Thumb Code     0  libinit2.o(.ARM.Collect$$libinit$$00000024)
    __rt_lib_init_user_alloc_1               0x08000175   Thumb Code     0  libinit2.o(.ARM.Collect$$libinit$$0000000C)
    __rt_lib_init_alloca_1                   0x08000179   Thumb Code     0  libinit2.o(.ARM.Collect$$libinit$$0000002E)
    __rt_lib_init_argv_1                     0x08000179   Thumb Code     0  libinit2.o(.ARM.Collect$$libinit$$0000002C)
    __rt_lib_init_cpp_1                      0x08000179   Thumb Code     0  libinit2.o(.ARM.Collect$$libinit$$00000032)
    __rt_lib_init_exceptions_1               0x08000179   Thumb Code     0  libinit2.o(.ARM.Collect$$libinit$$00000030)
    __rt_lib_init_return                     0x08000179   Thumb Code     0  libinit2.o(.ARM.Collect$$libinit$$00000033)
    __rt_lib_init_stdio_1                    0x08000179   Thumb Code     0  libinit2.o(.ARM.Collect$$libinit$$00000025)
    __rt_lib_shutdown                        0x0800017b   Thumb Code     0  libshutdown.o(.ARM.Collect$$libshutdown$$00000000)
    __rt_lib_shutdown_cpp_1                  0x0800017d   Thumb Code     0  libshutdown2.o(.ARM.Collect$$libshutdown$$00000002)
    __rt_lib_shutdown_stdio_2                0x0800017d   Thumb Code     0  libshutdown2.o(.ARM.Collect$$libshutdown$$00000003)
    __rt_lib_shutdown_fp_trap_1              0x08000181   Thumb Code     0  libshutdown2.o(.ARM.Collect$$libshutdown$$00000007)
    __rt_lib_shutdown_heap_1                 0x08000181   Thumb Code     0  libshutdown2.o(.ARM.Collect$$libshutdown$$0000000F)
    __rt_lib_shutdown_return                 0x08000181   Thumb Code     0  libshutdown2.o(.ARM.Collect$$libshutdown$$00000010)
    __rt_lib_shutdown_signal_1               0x08000181   Thumb Code     0  libshutdown2.o(.ARM.Collect$$libshutdown$$0000000A)
    __rt_lib_shutdown_stdio_1                0x08000181   Thumb Code     0  libshutdown2.o(.ARM.Collect$$libshutdown$$00000004)
    __rt_lib_shutdown_user_alloc_1           0x08000181   Thumb Code     0  libshutdown2.o(.ARM.Collect$$libshutdown$$0000000C)
    __rt_entry                               0x08000183   Thumb Code     0  __rtentry.o(.ARM.Collect$$rtentry$$00000000)
    __rt_entry_presh_1                       0x08000183   Thumb Code     0  __rtentry2.o(.ARM.Collect$$rtentry$$00000002)
    __rt_entry_sh                            0x08000183   Thumb Code     0  __rtentry4.o(.ARM.Collect$$rtentry$$00000004)
    __rt_entry_li                            0x08000189   Thumb Code     0  __rtentry2.o(.ARM.Collect$$rtentry$$0000000A)
    __rt_entry_postsh_1                      0x08000189   Thumb Code     0  __rtentry2.o(.ARM.Collect$$rtentry$$00000009)
    __rt_entry_main                          0x0800018d   Thumb Code     0  __rtentry2.o(.ARM.Collect$$rtentry$$0000000D)
    __rt_entry_postli_1                      0x0800018d   Thumb Code     0  __rtentry2.o(.ARM.Collect$$rtentry$$0000000C)
    __rt_exit                                0x08000195   Thumb Code     0  rtexit.o(.ARM.Collect$$rtexit$$00000000)
    __rt_exit_ls                             0x08000197   Thumb Code     0  rtexit2.o(.ARM.Collect$$rtexit$$00000003)
    __rt_exit_prels_1                        0x08000197   Thumb Code     0  rtexit2.o(.ARM.Collect$$rtexit$$00000002)
    __rt_exit_exit                           0x0800019b   Thumb Code     0  rtexit2.o(.ARM.Collect$$rtexit$$00000004)
    Reset_Handler                            0x080001a1   Thumb Code     8  startup_stm32f10x_md.o(.text)
    _maybe_terminate_alloc                   0x080001a1   Thumb Code     0  maybetermalloc1.o(.emb_text)
    ADC1_2_IRQHandler                        0x080001bb   Thumb Code     0  startup_stm32f10x_md.o(.text)
    CAN1_RX1_IRQHandler                      0x080001bb   Thumb Code     0  startup_stm32f10x_md.o(.text)
    CAN1_SCE_IRQHandler                      0x080001bb   Thumb Code     0  startup_stm32f10x_md.o(.text)
    DMA1_Channel1_IRQHandler                 0x080001bb   Thumb Code     0  startup_stm32f10x_md.o(.text)
    DMA1_Channel2_IRQHandler                 0x080001bb   Thumb Code     0  startup_stm32f10x_md.o(.text)
    DMA1_Channel3_IRQHandler                 0x080001bb   Thumb Code     0  startup_stm32f10x_md.o(.text)
    DMA1_Channel4_IRQHandler                 0x080001bb   Thumb Code     0  startup_stm32f10x_md.o(.text)
    DMA1_Channel5_IRQHandler                 0x080001bb   Thumb Code     0  startup_stm32f10x_md.o(.text)
    DMA1_Channel6_IRQHandler                 0x080001bb   Thumb Code     0  startup_stm32f10x_md.o(.text)
    DMA1_Channel7_IRQHandler                 0x080001bb   Thumb Code     0  startup_stm32f10x_md.o(.text)
    EXTI0_IRQHandler                         0x080001bb   Thumb Code     0  startup_stm32f10x_md.o(.text)
    EXTI15_10_IRQHandler                     0x080001bb   Thumb Code     0  startup_stm32f10x_md.o(.text)
    EXTI1_IRQHandler                         0x080001bb   Thumb Code     0  startup_stm32f10x_md.o(.text)
    EXTI2_IRQHandler                         0x080001bb   Thumb Code     0  startup_stm32f10x_md.o(.text)
    EXTI3_IRQHandler                         0x080001bb   Thumb Code     0  startup_stm32f10x_md.o(.text)
    EXTI4_IRQHandler                         0x080001bb   Thumb Code     0  startup_stm32f10x_md.o(.text)
    EXTI9_5_IRQHandler                       0x080001bb   Thumb Code     0  startup_stm32f10x_md.o(.text)
    FLASH_IRQHandler                         0x080001bb   Thumb Code     0  startup_stm32f10x_md.o(.text)
    I2C1_ER_IRQHandler                       0x080001bb   Thumb Code     0  startup_stm32f10x_md.o(.text)
    I2C1_EV_IRQHandler                       0x080001bb   Thumb Code     0  startup_stm32f10x_md.o(.text)
    I2C2_ER_IRQHandler                       0x080001bb   Thumb Code     0  startup_stm32f10x_md.o(.text)
    I2C2_EV_IRQHandler                       0x080001bb   Thumb Code     0  startup_stm32f10x_md.o(.text)
    PVD_IRQHandler                           0x080001bb   Thumb Code     0  startup_stm32f10x_md.o(.text)
    RCC_IRQHandler                           0x080001bb   Thumb Code     0  startup_stm32f10x_md.o(.text)
    RTCAlarm_IRQHandler                      0x080001bb   Thumb Code     0  startup_stm32f10x_md.o(.text)
    RTC_IRQHandler                           0x080001bb   Thumb Code     0  startup_stm32f10x_md.o(.text)
    SPI1_IRQHandler                          0x080001bb   Thumb Code     0  startup_stm32f10x_md.o(.text)
    SPI2_IRQHandler                          0x080001bb   Thumb Code     0  startup_stm32f10x_md.o(.text)
    TAMPER_IRQHandler                        0x080001bb   Thumb Code     0  startup_stm32f10x_md.o(.text)
    TIM1_BRK_IRQHandler                      0x080001bb   Thumb Code     0  startup_stm32f10x_md.o(.text)
    TIM1_CC_IRQHandler                       0x080001bb   Thumb Code     0  startup_stm32f10x_md.o(.text)
    TIM1_TRG_COM_IRQHandler                  0x080001bb   Thumb Code     0  startup_stm32f10x_md.o(.text)
    TIM1_UP_IRQHandler                       0x080001bb   Thumb Code     0  startup_stm32f10x_md.o(.text)
    TIM2_IRQHandler                          0x080001bb   Thumb Code     0  startup_stm32f10x_md.o(.text)
    TIM3_IRQHandler                          0x080001bb   Thumb Code     0  startup_stm32f10x_md.o(.text)
    TIM4_IRQHandler                          0x080001bb   Thumb Code     0  startup_stm32f10x_md.o(.text)
    USART1_IRQHandler                        0x080001bb   Thumb Code     0  startup_stm32f10x_md.o(.text)
    USART2_IRQHandler                        0x080001bb   Thumb Code     0  startup_stm32f10x_md.o(.text)
    USBWakeUp_IRQHandler                     0x080001bb   Thumb Code     0  startup_stm32f10x_md.o(.text)
    USB_HP_CAN1_TX_IRQHandler                0x080001bb   Thumb Code     0  startup_stm32f10x_md.o(.text)
    USB_LP_CAN1_RX0_IRQHandler               0x080001bb   Thumb Code     0  startup_stm32f10x_md.o(.text)
    WWDG_IRQHandler                          0x080001bb   Thumb Code     0  startup_stm32f10x_md.o(.text)
    __user_initial_stackheap                 0x080001bd   Thumb Code     0  startup_stm32f10x_md.o(.text)
    __aeabi_ldivmod                          0x080001e1   Thumb Code     0  llsdiv.o(.text)
    _ll_sdiv                                 0x080001e1   Thumb Code    72  llsdiv.o(.text)
    __2printf                                0x08000229   Thumb Code    20  noretval__2printf.o(.text)
    _printf_int_dec                          0x08000241   Thumb Code   104  _printf_dec.o(.text)
    __printf                                 0x080002b9   Thumb Code   308  __printf_flags_wp.o(.text)
    memcmp                                   0x080003f1   Thumb Code    88  memcmp.o(.text)
    __aeabi_memset                           0x08000449   Thumb Code    16  aeabi_memset.o(.text)
    __use_two_region_memory                  0x08000459   Thumb Code     2  heapauxi.o(.text)
    __rt_heap_escrow                         0x0800045b   Thumb Code     2  heapauxi.o(.text)
    __rt_heap_expand                         0x0800045d   Thumb Code     2  heapauxi.o(.text)
    __aeabi_uldivmod                         0x0800045f   Thumb Code     0  lludivv7m.o(.text)
    _ll_udiv                                 0x0800045f   Thumb Code   238  lludivv7m.o(.text)
    __read_errno                             0x0800054d   Thumb Code    10  _rserrno.o(.text)
    __set_errno                              0x08000557   Thumb Code    12  _rserrno.o(.text)
    _printf_int_common                       0x08000563   Thumb Code   178  _printf_intcommon.o(.text)
    _printf_char_file                        0x08000615   Thumb Code    32  _printf_char_file.o(.text)
    __aeabi_memclr                           0x08000639   Thumb Code     0  rt_memclr.o(.text)
    __rt_memclr                              0x08000639   Thumb Code    68  rt_memclr.o(.text)
    _memset                                  0x0800063d   Thumb Code     0  rt_memclr.o(.text)
    __aeabi_errno_addr                       0x0800067d   Thumb Code     8  rt_errno_addr_intlibspace.o(.text)
    __errno$intlibspace                      0x0800067d   Thumb Code     0  rt_errno_addr_intlibspace.o(.text)
    __rt_errno_addr$intlibspace              0x0800067d   Thumb Code     0  rt_errno_addr_intlibspace.o(.text)
    _printf_char_common                      0x0800068f   Thumb Code    32  _printf_char_common.o(.text)
    ferror                                   0x080006b5   Thumb Code     8  ferror.o(.text)
    _initio                                  0x080006bd   Thumb Code   210  initio.o(.text)
    _terminateio                             0x0800078f   Thumb Code    56  initio.o(.text)
    __aeabi_memclr4                          0x080007f5   Thumb Code     0  rt_memclr_w.o(.text)
    __aeabi_memclr8                          0x080007f5   Thumb Code     0  rt_memclr_w.o(.text)
    __rt_memclr_w                            0x080007f5   Thumb Code    78  rt_memclr_w.o(.text)
    _memset_w                                0x080007f9   Thumb Code     0  rt_memclr_w.o(.text)
    _sys_open                                0x08000843   Thumb Code    20  sys_io.o(.text)
    _sys_close                               0x08000857   Thumb Code    12  sys_io.o(.text)
    _sys_write                               0x08000863   Thumb Code    16  sys_io.o(.text)
    _sys_read                                0x08000873   Thumb Code    14  sys_io.o(.text)
    _sys_istty                               0x08000881   Thumb Code    12  sys_io.o(.text)
    _sys_seek                                0x0800088d   Thumb Code    14  sys_io.o(.text)
    _sys_ensure                              0x0800089b   Thumb Code     2  sys_io.o(.text)
    _sys_flen                                0x0800089d   Thumb Code    12  sys_io.o(.text)
    __user_libspace                          0x080008a9   Thumb Code     8  libspace.o(.text)
    __user_perproc_libspace                  0x080008a9   Thumb Code     0  libspace.o(.text)
    __user_perthread_libspace                0x080008a9   Thumb Code     0  libspace.o(.text)
    __user_setup_stackheap                   0x080008b1   Thumb Code    74  sys_stackheap_outer.o(.text)
    free                                     0x080008fb   Thumb Code    78  h1_free.o(.text)
    __flsbuf                                 0x08000949   Thumb Code   470  flsbuf.o(.text)
    __flsbuf_byte                            0x08000949   Thumb Code     0  flsbuf.o(.text)
    __flsbuf_wide                            0x08000949   Thumb Code     0  flsbuf.o(.text)
    setvbuf                                  0x08000b1f   Thumb Code    70  setvbuf.o(.text)
    freopen                                  0x08000b65   Thumb Code   158  fopen.o(.text)
    fopen                                    0x08000c03   Thumb Code    74  fopen.o(.text)
    _fclose_internal                         0x08000c51   Thumb Code    76  fclose.o(.text)
    fclose                                   0x08000c51   Thumb Code     0  fclose.o(.text)
    exit                                     0x08000c9d   Thumb Code    18  exit.o(.text)
    __rt_SIGRTRED                            0x08000caf   Thumb Code    14  defsig_rtred_outer.o(.text)
    __I$use$semihosting                      0x08000cbd   Thumb Code     0  use_no_semi.o(.text)
    __use_no_semihosting_swi                 0x08000cbd   Thumb Code     2  use_no_semi.o(.text)
    __semihosting_library_function           0x08000cbf   Thumb Code     0  indicate_semi.o(.text)
    __rt_heap_descriptor                     0x08000cc1   Thumb Code     8  rt_heap_descriptor_intlibspace.o(.text)
    __use_no_heap                            0x08000cc9   Thumb Code     2  hguard.o(.text)
    __heap$guard                             0x08000ccb   Thumb Code     2  hguard.o(.text)
    _terminate_user_alloc                    0x08000ccd   Thumb Code     2  init_alloc.o(.text)
    _init_user_alloc                         0x08000ccf   Thumb Code     2  init_alloc.o(.text)
    __Heap_Full                              0x08000cd1   Thumb Code    34  init_alloc.o(.text)
    __Heap_Broken                            0x08000cf3   Thumb Code     6  init_alloc.o(.text)
    _init_alloc                              0x08000cf9   Thumb Code    94  init_alloc.o(.text)
    malloc                                   0x08000d57   Thumb Code    94  h1_alloc.o(.text)
    _fseek                                   0x08000db5   Thumb Code   242  fseek.o(.text)
    fseek                                    0x08000db5   Thumb Code     0  fseek.o(.text)
    _seterr                                  0x08000ead   Thumb Code    20  stdio.o(.text)
    _writebuf                                0x08000ec1   Thumb Code    84  stdio.o(.text)
    _fflush                                  0x08000f15   Thumb Code    70  stdio.o(.text)
    _deferredlazyseek                        0x08000f5b   Thumb Code    60  stdio.o(.text)
    __sig_exit                               0x08000f9d   Thumb Code    10  defsig_exit.o(.text)
    __rt_SIGRTRED_inner                      0x08000fa9   Thumb Code    14  defsig_rtred_inner.o(.text)
    strlen                                   0x08000fdd   Thumb Code    62  strlen.o(.text)
    _sys_exit                                0x0800101d   Thumb Code     8  sys_exit.o(.text)
    __Heap_Initialize                        0x08001029   Thumb Code    10  h1_init.o(.text)
    __Heap_DescSize                          0x08001033   Thumb Code     4  h1_init.o(.text)
    __Heap_ProvideMemory                     0x08001037   Thumb Code    52  h1_extend.o(.text)
    _ftell_internal                          0x0800106b   Thumb Code    66  ftell.o(.text)
    ftell                                    0x0800106b   Thumb Code     0  ftell.o(.text)
    __default_signal_display                 0x080010ad   Thumb Code    50  defsig_general.o(.text)
    __rt_SIGRTMEM                            0x080010df   Thumb Code    14  defsig_rtmem_outer.o(.text)
    _ttywrch                                 0x080010ed   Thumb Code    14  sys_wrch.o(.text)
    __rt_SIGRTMEM_inner                      0x080010fd   Thumb Code    22  defsig_rtmem_inner.o(.text)
    BusFault_Handler                         0x0800114d   Thumb Code     4  stm32f10x_it.o(i.BusFault_Handler)
    DebugMon_Handler                         0x08001151   Thumb Code     2  stm32f10x_it.o(i.DebugMon_Handler)
    GPIO_Init                                0x08001153   Thumb Code   278  stm32f10x_gpio.o(i.GPIO_Init)
    GPIO_PinRemapConfig                      0x08001269   Thumb Code   138  stm32f10x_gpio.o(i.GPIO_PinRemapConfig)
    GPIO_SetBits                             0x080012f9   Thumb Code     4  stm32f10x_gpio.o(i.GPIO_SetBits)
    HardFault_Handler                        0x080012fd   Thumb Code     4  stm32f10x_it.o(i.HardFault_Handler)
    MPU_IIC_Ack                              0x08001301   Thumb Code    62  mpuiic.o(i.MPU_IIC_Ack)
    MPU_IIC_Delay                            0x0800134d   Thumb Code    10  mpuiic.o(i.MPU_IIC_Delay)
    MPU_IIC_Init                             0x08001359   Thumb Code    50  mpuiic.o(i.MPU_IIC_Init)
    MPU_IIC_NAck                             0x08001391   Thumb Code    62  mpuiic.o(i.MPU_IIC_NAck)
    MPU_IIC_Read_Byte                        0x080013dd   Thumb Code    94  mpuiic.o(i.MPU_IIC_Read_Byte)
    MPU_IIC_Send_Byte                        0x08001449   Thumb Code    80  mpuiic.o(i.MPU_IIC_Send_Byte)
    MPU_IIC_Start                            0x080014a5   Thumb Code    60  mpuiic.o(i.MPU_IIC_Start)
    MPU_IIC_Stop                             0x080014ed   Thumb Code    58  mpuiic.o(i.MPU_IIC_Stop)
    MPU_IIC_Wait_Ack                         0x08001535   Thumb Code    86  mpuiic.o(i.MPU_IIC_Wait_Ack)
    MPU_Init                                 0x08001599   Thumb Code   180  mpu6050.o(i.MPU_Init)
    MPU_Read_Byte                            0x08001659   Thumb Code    58  mpu6050.o(i.MPU_Read_Byte)
    MPU_Read_Len                             0x08001693   Thumb Code   116  mpu6050.o(i.MPU_Read_Len)
    MPU_Set_Accel_Fsr                        0x08001707   Thumb Code    16  mpu6050.o(i.MPU_Set_Accel_Fsr)
    MPU_Set_Gyro_Fsr                         0x08001717   Thumb Code    16  mpu6050.o(i.MPU_Set_Gyro_Fsr)
    MPU_Set_LPF                              0x08001727   Thumb Code    58  mpu6050.o(i.MPU_Set_LPF)
    MPU_Set_Rate                             0x08001761   Thumb Code    58  mpu6050.o(i.MPU_Set_Rate)
    MPU_Write_Byte                           0x0800179b   Thumb Code    68  mpu6050.o(i.MPU_Write_Byte)
    MPU_Write_Len                            0x080017df   Thumb Code    96  mpu6050.o(i.MPU_Write_Len)
    MemManage_Handler                        0x0800183f   Thumb Code     4  stm32f10x_it.o(i.MemManage_Handler)
    NMI_Handler                              0x08001843   Thumb Code     2  stm32f10x_it.o(i.NMI_Handler)
    PendSV_Handler                           0x08001845   Thumb Code     2  stm32f10x_it.o(i.PendSV_Handler)
    RCC_APB1PeriphClockCmd                   0x08001849   Thumb Code    26  stm32f10x_rcc.o(i.RCC_APB1PeriphClockCmd)
    RCC_APB2PeriphClockCmd                   0x08001869   Thumb Code    26  stm32f10x_rcc.o(i.RCC_APB2PeriphClockCmd)
    SVC_Handler                              0x08001889   Thumb Code     2  stm32f10x_it.o(i.SVC_Handler)
    SerialEnventListener                     0x0800188d   Thumb Code   220  jy901.o(i.SerialEnventListener)
    SysTick_Handler                          0x08001a7d   Thumb Code     2  stm32f10x_it.o(i.SysTick_Handler)
    SystemInit                               0x08001a81   Thumb Code    78  system_stm32f10x.o(i.SystemInit)
    TIM_Cmd                                  0x08001ae1   Thumb Code    24  stm32f10x_tim.o(i.TIM_Cmd)
    TIM_OC1Init                              0x08001af9   Thumb Code   132  stm32f10x_tim.o(i.TIM_OC1Init)
    TIM_OC1PreloadConfig                     0x08001b91   Thumb Code    18  stm32f10x_tim.o(i.TIM_OC1PreloadConfig)
    TIM_OC2Init                              0x08001ba5   Thumb Code   154  stm32f10x_tim.o(i.TIM_OC2Init)
    TIM_OC2PreloadConfig                     0x08001c49   Thumb Code    26  stm32f10x_tim.o(i.TIM_OC2PreloadConfig)
    TIM_OC3Init                              0x08001c65   Thumb Code   150  stm32f10x_tim.o(i.TIM_OC3Init)
    TIM_OC3PreloadConfig                     0x08001d05   Thumb Code    18  stm32f10x_tim.o(i.TIM_OC3PreloadConfig)
    TIM_OC4Init                              0x08001d19   Thumb Code   114  stm32f10x_tim.o(i.TIM_OC4Init)
    TIM_OC4PreloadConfig                     0x08001d95   Thumb Code    26  stm32f10x_tim.o(i.TIM_OC4PreloadConfig)
    TIM_SetCompare1                          0x08001daf   Thumb Code     4  stm32f10x_tim.o(i.TIM_SetCompare1)
    TIM_SetCompare2                          0x08001db3   Thumb Code     4  stm32f10x_tim.o(i.TIM_SetCompare2)
    TIM_SetCompare3                          0x08001db7   Thumb Code     4  stm32f10x_tim.o(i.TIM_SetCompare3)
    TIM_SetCompare4                          0x08001dbb   Thumb Code     6  stm32f10x_tim.o(i.TIM_SetCompare4)
    TIM_TimeBaseInit                         0x08001dc1   Thumb Code   122  stm32f10x_tim.o(i.TIM_TimeBaseInit)
    USART3_IRQHandler                        0x08001e65   Thumb Code   118  uarts.o(i.USART3_IRQHandler)
    USART_ClearITPendingBit                  0x08001eed   Thumb Code    30  stm32f10x_usart.o(i.USART_ClearITPendingBit)
    USART_GetITStatus                        0x08001f0b   Thumb Code    84  stm32f10x_usart.o(i.USART_GetITStatus)
    USART_ITConfig                           0x08001f5f   Thumb Code    74  stm32f10x_usart.o(i.USART_ITConfig)
    USART_SendData                           0x08001fa9   Thumb Code     8  stm32f10x_usart.o(i.USART_SendData)
    UsageFault_Handler                       0x08001fb1   Thumb Code     4  stm32f10x_it.o(i.UsageFault_Handler)
    __ARM_fpclassify                         0x08001fb5   Thumb Code    40  fpclassify.o(i.__ARM_fpclassify)
    __kernel_poly                            0x08001fdd   Thumb Code   170  poly.o(i.__kernel_poly)
    __mathlib_dbl_infnan                     0x08002087   Thumb Code     6  dunder.o(i.__mathlib_dbl_infnan)
    __mathlib_dbl_infnan2                    0x0800208d   Thumb Code     4  dunder.o(i.__mathlib_dbl_infnan2)
    __mathlib_dbl_invalid                    0x08002091   Thumb Code    12  dunder.o(i.__mathlib_dbl_invalid)
    __mathlib_dbl_underflow                  0x0800209d   Thumb Code    10  dunder.o(i.__mathlib_dbl_underflow)
    _is_digit                                0x080020ad   Thumb Code    14  __printf_wp.o(i._is_digit)
    asin                                     0x08002169   Thumb Code   572  asin.o(i.asin)
    atan                                     0x080023d9   Thumb Code   474  atan.o(i.atan)
    atan2                                    0x080025f9   Thumb Code   346  atan2.o(i.atan2)
    delay_ms                                 0x080027dd   Thumb Code    72  delay.o(i.delay_ms)
    delay_us                                 0x08002829   Thumb Code    72  delay.o(i.delay_us)
    dmp_enable_6x_lp_quat                    0x08002875   Thumb Code    60  inv_mpu_dmp_motion_driver.o(i.dmp_enable_6x_lp_quat)
    dmp_enable_feature                       0x080028b1   Thumb Code   530  inv_mpu_dmp_motion_driver.o(i.dmp_enable_feature)
    dmp_enable_gyro_cal                      0x08002acd   Thumb Code    62  inv_mpu_dmp_motion_driver.o(i.dmp_enable_gyro_cal)
    dmp_enable_lp_quat                       0x08002b25   Thumb Code    60  inv_mpu_dmp_motion_driver.o(i.dmp_enable_lp_quat)
    dmp_load_motion_driver_firmware          0x08002b61   Thumb Code    20  inv_mpu_dmp_motion_driver.o(i.dmp_load_motion_driver_firmware)
    dmp_read_fifo                            0x08002b79   Thumb Code   456  inv_mpu_dmp_motion_driver.o(i.dmp_read_fifo)
    dmp_set_accel_bias                       0x08002d45   Thumb Code   300  inv_mpu_dmp_motion_driver.o(i.dmp_set_accel_bias)
    dmp_set_fifo_rate                        0x08002e75   Thumb Code    96  inv_mpu_dmp_motion_driver.o(i.dmp_set_fifo_rate)
    dmp_set_gyro_bias                        0x08002ee5   Thumb Code   294  inv_mpu_dmp_motion_driver.o(i.dmp_set_gyro_bias)
    dmp_set_orientation                      0x08003015   Thumb Code   290  inv_mpu_dmp_motion_driver.o(i.dmp_set_orientation)
    dmp_set_shake_reject_thresh              0x0800314d   Thumb Code    56  inv_mpu_dmp_motion_driver.o(i.dmp_set_shake_reject_thresh)
    dmp_set_shake_reject_time                0x08003185   Thumb Code    38  inv_mpu_dmp_motion_driver.o(i.dmp_set_shake_reject_time)
    dmp_set_shake_reject_timeout             0x080031ab   Thumb Code    38  inv_mpu_dmp_motion_driver.o(i.dmp_set_shake_reject_timeout)
    dmp_set_tap_axes                         0x080031d1   Thumb Code    70  inv_mpu_dmp_motion_driver.o(i.dmp_set_tap_axes)
    dmp_set_tap_count                        0x08003217   Thumb Code    38  inv_mpu_dmp_motion_driver.o(i.dmp_set_tap_count)
    dmp_set_tap_thresh                       0x0800323d   Thumb Code   396  inv_mpu_dmp_motion_driver.o(i.dmp_set_tap_thresh)
    dmp_set_tap_time                         0x080033dd   Thumb Code    38  inv_mpu_dmp_motion_driver.o(i.dmp_set_tap_time)
    dmp_set_tap_time_multi                   0x08003403   Thumb Code    38  inv_mpu_dmp_motion_driver.o(i.dmp_set_tap_time_multi)
    fputc                                    0x08003429   Thumb Code    26  fputc.o(i.fputc)
    inv_orientation_matrix_to_scalar         0x08003a81   Thumb Code    40  inv_mpu.o(i.inv_orientation_matrix_to_scalar)
    inv_row_2_scale                          0x08003aa9   Thumb Code    78  inv_mpu.o(i.inv_row_2_scale)
    main                                     0x08003af9   Thumb Code   286  main.o(i.main)
    mget_ms                                  0x08003c29   Thumb Code     2  inv_mpu.o(i.mget_ms)
    mpu_configure_fifo                       0x08003c2d   Thumb Code   106  inv_mpu.o(i.mpu_configure_fifo)
    mpu_dmp_get_data                         0x08003c9d   Thumb Code   544  inv_mpu.o(i.mpu_dmp_get_data)
    mpu_dmp_init                             0x08003ec1   Thumb Code   154  inv_mpu.o(i.mpu_dmp_init)
    mpu_get_accel_fsr                        0x08003f61   Thumb Code    72  inv_mpu.o(i.mpu_get_accel_fsr)
    mpu_get_accel_sens                       0x08003fad   Thumb Code    78  inv_mpu.o(i.mpu_get_accel_sens)
    mpu_get_fifo_config                      0x08004001   Thumb Code    12  inv_mpu.o(i.mpu_get_fifo_config)
    mpu_get_gyro_fsr                         0x08004011   Thumb Code    64  inv_mpu.o(i.mpu_get_gyro_fsr)
    mpu_get_gyro_sens                        0x08004055   Thumb Code    58  inv_mpu.o(i.mpu_get_gyro_sens)
    mpu_get_lpf                              0x080040a5   Thumb Code    74  inv_mpu.o(i.mpu_get_lpf)
    mpu_get_sample_rate                      0x080040f5   Thumb Code    26  inv_mpu.o(i.mpu_get_sample_rate)
    mpu_init                                 0x08004115   Thumb Code   416  inv_mpu.o(i.mpu_init)
    mpu_load_firmware                        0x08004305   Thumb Code   180  inv_mpu.o(i.mpu_load_firmware)
    mpu_lp_accel_mode                        0x080043bd   Thumb Code   218  inv_mpu.o(i.mpu_lp_accel_mode)
    mpu_read_fifo_stream                     0x0800449d   Thumb Code   186  inv_mpu.o(i.mpu_read_fifo_stream)
    mpu_read_mem                             0x0800455d   Thumb Code   122  inv_mpu.o(i.mpu_read_mem)
    mpu_reset_fifo                           0x080045dd   Thumb Code   450  inv_mpu.o(i.mpu_reset_fifo)
    mpu_run_self_test                        0x080047a5   Thumb Code   278  inv_mpu.o(i.mpu_run_self_test)
    mpu_set_accel_fsr                        0x080048c1   Thumb Code   126  inv_mpu.o(i.mpu_set_accel_fsr)
    mpu_set_bypass                           0x08004945   Thumb Code   328  inv_mpu.o(i.mpu_set_bypass)
    mpu_set_dmp_state                        0x08004a91   Thumb Code   138  inv_mpu.o(i.mpu_set_dmp_state)
    mpu_set_gyro_fsr                         0x08004b21   Thumb Code   132  inv_mpu.o(i.mpu_set_gyro_fsr)
    mpu_set_int_latched                      0x08004ba9   Thumb Code   102  inv_mpu.o(i.mpu_set_int_latched)
    mpu_set_lpf                              0x08004c15   Thumb Code   126  inv_mpu.o(i.mpu_set_lpf)
    mpu_set_sample_rate                      0x08004c99   Thumb Code   152  inv_mpu.o(i.mpu_set_sample_rate)
    mpu_set_sensors                          0x08004d35   Thumb Code   202  inv_mpu.o(i.mpu_set_sensors)
    mpu_write_mem                            0x08004e05   Thumb Code   122  inv_mpu.o(i.mpu_write_mem)
    pidInit                                  0x08004e85   Thumb Code    52  pid.o(i.pidInit)
    run_self_test                            0x08004ec9   Thumb Code   148  inv_mpu.o(i.run_self_test)
    sqrt                                     0x08004fed   Thumb Code    76  sqrt.o(i.sqrt)
    __aeabi_d2f                              0x08005039   Thumb Code     0  d2f.o(x$fpl$d2f)
    _d2f                                     0x08005039   Thumb Code    98  d2f.o(x$fpl$d2f)
    __aeabi_dadd                             0x0800509d   Thumb Code     0  daddsub_clz.o(x$fpl$dadd)
    _dadd                                    0x0800509d   Thumb Code   332  daddsub_clz.o(x$fpl$dadd)
    __fpl_dcheck_NaN1                        0x080051ed   Thumb Code    10  dcheck1.o(x$fpl$dcheck1)
    __aeabi_ddiv                             0x080051fd   Thumb Code     0  ddiv.o(x$fpl$ddiv)
    _ddiv                                    0x080051fd   Thumb Code   552  ddiv.o(x$fpl$ddiv)
    __aeabi_dmul                             0x080054ad   Thumb Code     0  dmul.o(x$fpl$dmul)
    _dmul                                    0x080054ad   Thumb Code   332  dmul.o(x$fpl$dmul)
    __fpl_dnaninf                            0x08005601   Thumb Code   156  dnaninf.o(x$fpl$dnaninf)
    __fpl_dretinf                            0x0800569d   Thumb Code    12  dretinf.o(x$fpl$dretinf)
    __aeabi_drsub                            0x080056a9   Thumb Code     0  daddsub_clz.o(x$fpl$drsb)
    _drsb                                    0x080056a9   Thumb Code    22  daddsub_clz.o(x$fpl$drsb)
    _dsqrt                                   0x080056c1   Thumb Code   456  dsqrt_noumaal.o(x$fpl$dsqrt)
    __aeabi_dsub                             0x0800588d   Thumb Code     0  daddsub_clz.o(x$fpl$dsub)
    _dsub                                    0x0800588d   Thumb Code   464  daddsub_clz.o(x$fpl$dsub)
    __aeabi_f2d                              0x08005a61   Thumb Code     0  f2d.o(x$fpl$f2d)
    _f2d                                     0x08005a61   Thumb Code    86  f2d.o(x$fpl$f2d)
    __aeabi_fadd                             0x08005ab9   Thumb Code     0  faddsub_clz.o(x$fpl$fadd)
    _fadd                                    0x08005ab9   Thumb Code   196  faddsub_clz.o(x$fpl$fadd)
    __fpl_fcmp_Inf                           0x08005b7d   Thumb Code    24  fcmpi.o(x$fpl$fcmpinf)
    __aeabi_fdiv                             0x08005b95   Thumb Code     0  fdiv.o(x$fpl$fdiv)
    _fdiv                                    0x08005b95   Thumb Code   384  fdiv.o(x$fpl$fdiv)
    __aeabi_cfcmpeq                          0x08005d19   Thumb Code     0  feqf.o(x$fpl$feqf)
    _fcmpeq                                  0x08005d19   Thumb Code   104  feqf.o(x$fpl$feqf)
    __aeabi_f2iz                             0x08005d81   Thumb Code     0  ffix.o(x$fpl$ffix)
    _ffix                                    0x08005d81   Thumb Code    54  ffix.o(x$fpl$ffix)
    __aeabi_f2uiz                            0x08005db9   Thumb Code     0  ffixu.o(x$fpl$ffixu)
    _ffixu                                   0x08005db9   Thumb Code    62  ffixu.o(x$fpl$ffixu)
    __aeabi_i2f                              0x08005df9   Thumb Code     0  fflt_clz.o(x$fpl$fflt)
    _fflt                                    0x08005df9   Thumb Code    48  fflt_clz.o(x$fpl$fflt)
    __aeabi_ui2f                             0x08005e29   Thumb Code     0  fflt_clz.o(x$fpl$ffltu)
    _ffltu                                   0x08005e29   Thumb Code    38  fflt_clz.o(x$fpl$ffltu)
    __aeabi_cfcmple                          0x08005e51   Thumb Code     0  fleqf.o(x$fpl$fleqf)
    _fcmple                                  0x08005e51   Thumb Code   104  fleqf.o(x$fpl$fleqf)
    __fpl_fcmple_InfNaN                      0x08005ea3   Thumb Code     0  fleqf.o(x$fpl$fleqf)
    __aeabi_fmul                             0x08005eb9   Thumb Code     0  fmul.o(x$fpl$fmul)
    _fmul                                    0x08005eb9   Thumb Code   258  fmul.o(x$fpl$fmul)
    __fpl_fnaninf                            0x08005fbb   Thumb Code   140  fnaninf.o(x$fpl$fnaninf)
    __fpl_fretinf                            0x08006047   Thumb Code    10  fretinf.o(x$fpl$fretinf)
    __aeabi_cfrcmple                         0x08006051   Thumb Code     0  frleqf.o(x$fpl$frleqf)
    _frcmple                                 0x08006051   Thumb Code    98  frleqf.o(x$fpl$frleqf)
    __aeabi_fsub                             0x080060b5   Thumb Code     0  faddsub_clz.o(x$fpl$fsub)
    _fsub                                    0x080060b5   Thumb Code   234  faddsub_clz.o(x$fpl$fsub)
    __fpl_return_NaN                         0x0800619f   Thumb Code   100  retnan.o(x$fpl$retnan)
    __ARM_scalbn                             0x08006203   Thumb Code    92  scalbn.o(x$fpl$scalbn)
    __fpl_cmpreturn                          0x0800625f   Thumb Code    48  trapv.o(x$fpl$trapveneer)
    __I$use$fp                               0x0800628e   Number         0  usenofp.o(x$fpl$usenofp)
    reg                                      0x08006290   Data          27  inv_mpu.o(.constdata)
    hw                                       0x080062ac   Data          12  inv_mpu.o(.constdata)
    test                                     0x080062b8   Data          40  inv_mpu.o(.constdata)
    __mathlib_zero                           0x08006fd0   Data           8  qnan.o(.constdata)
    __stdin_name                             0x08006fd8   Data           4  sys_io.o(.constdata)
    __stdout_name                            0x08006fdc   Data           4  sys_io.o(.constdata)
    __stderr_name                            0x08006fe0   Data           4  sys_io.o(.constdata)
    Region$$Table$$Base                      0x08007034   Number         0  anon$$obj.o(Region$$Table)
    Region$$Table$$Limit                     0x08007054   Number         0  anon$$obj.o(Region$$Table)
    pitch                                    0x20000000   Data           4  main.o(.data)
    roll                                     0x20000004   Data           4  main.o(.data)
    yaw                                      0x20000008   Data           4  main.o(.data)
    stcTime                                  0x20000010   Data           8  jy901.o(.data)
    stcAcc                                   0x20000018   Data           8  jy901.o(.data)
    stcGyro                                  0x20000020   Data           8  jy901.o(.data)
    stcAngle                                 0x20000028   Data           8  jy901.o(.data)
    stcMag                                   0x20000030   Data           8  jy901.o(.data)
    stcDStatus                               0x20000038   Data           8  jy901.o(.data)
    stcPress                                 0x20000040   Data           8  jy901.o(.data)
    stcLonLat                                0x20000048   Data           8  jy901.o(.data)
    stcGPSV                                  0x20000050   Data           8  jy901.o(.data)
    txCnt                                    0x20000059   Data           1  uarts.o(.data)
    cnt                                      0x2000005a   Data           1  uarts.o(.data)
    __aeabi_stdin                            0x20000094   Data           4  stdio_streams.o(.data)
    __aeabi_stdout                           0x20000098   Data           4  stdio_streams.o(.data)
    __aeabi_stderr                           0x2000009c   Data           4  stdio_streams.o(.data)
    txBuffer                                 0x2000019a   Data         256  uarts.o(.bss)
    charTemp                                 0x2000029a   Data         250  uarts.o(.bss)
    __stdin                                  0x200003a4   Data          84  stdio_streams.o(.bss)
    __stdout                                 0x200003f8   Data          84  stdio_streams.o(.bss)
    __stderr                                 0x2000044c   Data          84  stdio_streams.o(.bss)
    __libspace_start                         0x200004a0   Data          96  libspace.o(.bss)
    __temporary_stack_top$libspace           0x20000500   Data           0  libspace.o(.bss)



==============================================================================

Memory Map of the image

  Image Entry point : 0x080001a1

  Load Region LR_1 (Base: 0x08000000, Size: 0x000070f4, Max: 0xffffffff, ABSOLUTE)

    Execution Region ER_RO (Exec base: 0x08000000, Load base: 0x08000000, Size: 0x00007054, Max: 0xffffffff, ABSOLUTE)

    Exec Addr    Load Addr    Size         Type   Attr      Idx    E Section Name        Object

    0x08000000   0x08000000   0x000000ec   Data   RO          248    RESET               startup_stm32f10x_md.o
    0x080000ec   0x080000ec   0x00000008   Code   RO         4138  * !!!main             c_w.l(__main.o)
    0x080000f4   0x080000f4   0x00000034   Code   RO         4639    !!!scatter          c_w.l(__scatter.o)
    0x08000128   0x08000128   0x0000001a   Code   RO         4641    !!handler_copy      c_w.l(__scatter_copy.o)
    0x08000142   0x08000142   0x00000002   PAD
    0x08000144   0x08000144   0x0000001c   Code   RO         4643    !!handler_zi        c_w.l(__scatter_zi.o)
    0x08000160   0x08000160   0x00000000   Code   RO         4131    .ARM.Collect$$_printf_percent$$00000000  c_w.l(_printf_percent.o)
    0x08000160   0x08000160   0x00000006   Code   RO         4130    .ARM.Collect$$_printf_percent$$00000009  c_w.l(_printf_d.o)
    0x08000166   0x08000166   0x00000004   Code   RO         4221    .ARM.Collect$$_printf_percent$$00000017  c_w.l(_printf_percent_end.o)
    0x0800016a   0x0800016a   0x00000002   Code   RO         4424    .ARM.Collect$$libinit$$00000000  c_w.l(libinit.o)
    0x0800016c   0x0800016c   0x00000000   Code   RO         4426    .ARM.Collect$$libinit$$00000002  c_w.l(libinit2.o)
    0x0800016c   0x0800016c   0x00000000   Code   RO         4428    .ARM.Collect$$libinit$$00000004  c_w.l(libinit2.o)
    0x0800016c   0x0800016c   0x00000008   Code   RO         4429    .ARM.Collect$$libinit$$00000005  c_w.l(libinit2.o)
    0x08000174   0x08000174   0x00000000   Code   RO         4431    .ARM.Collect$$libinit$$0000000A  c_w.l(libinit2.o)
    0x08000174   0x08000174   0x00000000   Code   RO         4433    .ARM.Collect$$libinit$$0000000C  c_w.l(libinit2.o)
    0x08000174   0x08000174   0x00000000   Code   RO         4435    .ARM.Collect$$libinit$$0000000E  c_w.l(libinit2.o)
    0x08000174   0x08000174   0x00000000   Code   RO         4438    .ARM.Collect$$libinit$$00000011  c_w.l(libinit2.o)
    0x08000174   0x08000174   0x00000000   Code   RO         4440    .ARM.Collect$$libinit$$00000013  c_w.l(libinit2.o)
    0x08000174   0x08000174   0x00000000   Code   RO         4442    .ARM.Collect$$libinit$$00000015  c_w.l(libinit2.o)
    0x08000174   0x08000174   0x00000000   Code   RO         4444    .ARM.Collect$$libinit$$00000017  c_w.l(libinit2.o)
    0x08000174   0x08000174   0x00000000   Code   RO         4446    .ARM.Collect$$libinit$$00000019  c_w.l(libinit2.o)
    0x08000174   0x08000174   0x00000000   Code   RO         4448    .ARM.Collect$$libinit$$0000001B  c_w.l(libinit2.o)
    0x08000174   0x08000174   0x00000000   Code   RO         4450    .ARM.Collect$$libinit$$0000001D  c_w.l(libinit2.o)
    0x08000174   0x08000174   0x00000000   Code   RO         4452    .ARM.Collect$$libinit$$0000001F  c_w.l(libinit2.o)
    0x08000174   0x08000174   0x00000000   Code   RO         4454    .ARM.Collect$$libinit$$00000021  c_w.l(libinit2.o)
    0x08000174   0x08000174   0x00000000   Code   RO         4456    .ARM.Collect$$libinit$$00000023  c_w.l(libinit2.o)
    0x08000174   0x08000174   0x00000004   Code   RO         4457    .ARM.Collect$$libinit$$00000024  c_w.l(libinit2.o)
    0x08000178   0x08000178   0x00000000   Code   RO         4458    .ARM.Collect$$libinit$$00000025  c_w.l(libinit2.o)
    0x08000178   0x08000178   0x00000000   Code   RO         4462    .ARM.Collect$$libinit$$0000002C  c_w.l(libinit2.o)
    0x08000178   0x08000178   0x00000000   Code   RO         4464    .ARM.Collect$$libinit$$0000002E  c_w.l(libinit2.o)
    0x08000178   0x08000178   0x00000000   Code   RO         4466    .ARM.Collect$$libinit$$00000030  c_w.l(libinit2.o)
    0x08000178   0x08000178   0x00000000   Code   RO         4468    .ARM.Collect$$libinit$$00000032  c_w.l(libinit2.o)
    0x08000178   0x08000178   0x00000002   Code   RO         4469    .ARM.Collect$$libinit$$00000033  c_w.l(libinit2.o)
    0x0800017a   0x0800017a   0x00000002   Code   RO         4620    .ARM.Collect$$libshutdown$$00000000  c_w.l(libshutdown.o)
    0x0800017c   0x0800017c   0x00000000   Code   RO         4471    .ARM.Collect$$libshutdown$$00000002  c_w.l(libshutdown2.o)
    0x0800017c   0x0800017c   0x00000004   Code   RO         4472    .ARM.Collect$$libshutdown$$00000003  c_w.l(libshutdown2.o)
    0x08000180   0x08000180   0x00000000   Code   RO         4473    .ARM.Collect$$libshutdown$$00000004  c_w.l(libshutdown2.o)
    0x08000180   0x08000180   0x00000000   Code   RO         4476    .ARM.Collect$$libshutdown$$00000007  c_w.l(libshutdown2.o)
    0x08000180   0x08000180   0x00000000   Code   RO         4479    .ARM.Collect$$libshutdown$$0000000A  c_w.l(libshutdown2.o)
    0x08000180   0x08000180   0x00000000   Code   RO         4481    .ARM.Collect$$libshutdown$$0000000C  c_w.l(libshutdown2.o)
    0x08000180   0x08000180   0x00000000   Code   RO         4484    .ARM.Collect$$libshutdown$$0000000F  c_w.l(libshutdown2.o)
    0x08000180   0x08000180   0x00000002   Code   RO         4485    .ARM.Collect$$libshutdown$$00000010  c_w.l(libshutdown2.o)
    0x08000182   0x08000182   0x00000000   Code   RO         4212    .ARM.Collect$$rtentry$$00000000  c_w.l(__rtentry.o)
    0x08000182   0x08000182   0x00000000   Code   RO         4281    .ARM.Collect$$rtentry$$00000002  c_w.l(__rtentry2.o)
    0x08000182   0x08000182   0x00000006   Code   RO         4293    .ARM.Collect$$rtentry$$00000004  c_w.l(__rtentry4.o)
    0x08000188   0x08000188   0x00000000   Code   RO         4283    .ARM.Collect$$rtentry$$00000009  c_w.l(__rtentry2.o)
    0x08000188   0x08000188   0x00000004   Code   RO         4284    .ARM.Collect$$rtentry$$0000000A  c_w.l(__rtentry2.o)
    0x0800018c   0x0800018c   0x00000000   Code   RO         4286    .ARM.Collect$$rtentry$$0000000C  c_w.l(__rtentry2.o)
    0x0800018c   0x0800018c   0x00000008   Code   RO         4287    .ARM.Collect$$rtentry$$0000000D  c_w.l(__rtentry2.o)
    0x08000194   0x08000194   0x00000002   Code   RO         4495    .ARM.Collect$$rtexit$$00000000  c_w.l(rtexit.o)
    0x08000196   0x08000196   0x00000000   Code   RO         4559    .ARM.Collect$$rtexit$$00000002  c_w.l(rtexit2.o)
    0x08000196   0x08000196   0x00000004   Code   RO         4560    .ARM.Collect$$rtexit$$00000003  c_w.l(rtexit2.o)
    0x0800019a   0x0800019a   0x00000006   Code   RO         4561    .ARM.Collect$$rtexit$$00000004  c_w.l(rtexit2.o)
    0x080001a0   0x080001a0   0x00000000   Code   RO         4565    .emb_text           c_w.l(maybetermalloc1.o)
    0x080001a0   0x080001a0   0x00000040   Code   RO          249  * .text               startup_stm32f10x_md.o
    0x080001e0   0x080001e0   0x00000048   Code   RO         4076    .text               c_w.l(llsdiv.o)
    0x08000228   0x08000228   0x00000018   Code   RO         4080    .text               c_w.l(noretval__2printf.o)
    0x08000240   0x08000240   0x00000078   Code   RO         4086    .text               c_w.l(_printf_dec.o)
    0x080002b8   0x080002b8   0x00000138   Code   RO         4121    .text               c_w.l(__printf_flags_wp.o)
    0x080003f0   0x080003f0   0x00000058   Code   RO         4132    .text               c_w.l(memcmp.o)
    0x08000448   0x08000448   0x00000010   Code   RO         4134    .text               c_w.l(aeabi_memset.o)
    0x08000458   0x08000458   0x00000006   Code   RO         4136    .text               c_w.l(heapauxi.o)
    0x0800045e   0x0800045e   0x000000ee   Code   RO         4213    .text               c_w.l(lludivv7m.o)
    0x0800054c   0x0800054c   0x00000016   Code   RO         4215    .text               c_w.l(_rserrno.o)
    0x08000562   0x08000562   0x000000b2   Code   RO         4217    .text               c_w.l(_printf_intcommon.o)
    0x08000614   0x08000614   0x00000024   Code   RO         4219    .text               c_w.l(_printf_char_file.o)
    0x08000638   0x08000638   0x00000044   Code   RO         4228    .text               c_w.l(rt_memclr.o)
    0x0800067c   0x0800067c   0x00000008   Code   RO         4302    .text               c_w.l(rt_errno_addr_intlibspace.o)
    0x08000684   0x08000684   0x00000030   Code   RO         4304    .text               c_w.l(_printf_char_common.o)
    0x080006b4   0x080006b4   0x00000008   Code   RO         4306    .text               c_w.l(ferror.o)
    0x080006bc   0x080006bc   0x00000138   Code   RO         4312    .text               c_w.l(initio.o)
    0x080007f4   0x080007f4   0x0000004e   Code   RO         4320    .text               c_w.l(rt_memclr_w.o)
    0x08000842   0x08000842   0x00000066   Code   RO         4328    .text               c_w.l(sys_io.o)
    0x080008a8   0x080008a8   0x00000008   Code   RO         4333    .text               c_w.l(libspace.o)
    0x080008b0   0x080008b0   0x0000004a   Code   RO         4338    .text               c_w.l(sys_stackheap_outer.o)
    0x080008fa   0x080008fa   0x0000004e   Code   RO         4344    .text               c_w.l(h1_free.o)
    0x08000948   0x08000948   0x000001d6   Code   RO         4400    .text               c_w.l(flsbuf.o)
    0x08000b1e   0x08000b1e   0x00000046   Code   RO         4402    .text               c_w.l(setvbuf.o)
    0x08000b64   0x08000b64   0x000000ec   Code   RO         4405    .text               c_w.l(fopen.o)
    0x08000c50   0x08000c50   0x0000004c   Code   RO         4407    .text               c_w.l(fclose.o)
    0x08000c9c   0x08000c9c   0x00000012   Code   RO         4413    .text               c_w.l(exit.o)
    0x08000cae   0x08000cae   0x0000000e   Code   RO         4415    .text               c_w.l(defsig_rtred_outer.o)
    0x08000cbc   0x08000cbc   0x00000002   Code   RO         4492    .text               c_w.l(use_no_semi.o)
    0x08000cbe   0x08000cbe   0x00000000   Code   RO         4494    .text               c_w.l(indicate_semi.o)
    0x08000cbe   0x08000cbe   0x00000002   PAD
    0x08000cc0   0x08000cc0   0x00000008   Code   RO         4502    .text               c_w.l(rt_heap_descriptor_intlibspace.o)
    0x08000cc8   0x08000cc8   0x00000004   Code   RO         4504    .text               c_w.l(hguard.o)
    0x08000ccc   0x08000ccc   0x0000008a   Code   RO         4506    .text               c_w.l(init_alloc.o)
    0x08000d56   0x08000d56   0x0000005e   Code   RO         4512    .text               c_w.l(h1_alloc.o)
    0x08000db4   0x08000db4   0x000000f8   Code   RO         4528    .text               c_w.l(fseek.o)
    0x08000eac   0x08000eac   0x000000f0   Code   RO         4530    .text               c_w.l(stdio.o)
    0x08000f9c   0x08000f9c   0x0000000a   Code   RO         4536    .text               c_w.l(defsig_exit.o)
    0x08000fa6   0x08000fa6   0x00000002   PAD
    0x08000fa8   0x08000fa8   0x00000034   Code   RO         4542    .text               c_w.l(defsig_rtred_inner.o)
    0x08000fdc   0x08000fdc   0x0000003e   Code   RO         4546    .text               c_w.l(strlen.o)
    0x0800101a   0x0800101a   0x00000002   PAD
    0x0800101c   0x0800101c   0x0000000c   Code   RO         4556    .text               c_w.l(sys_exit.o)
    0x08001028   0x08001028   0x0000000e   Code   RO         4567    .text               c_w.l(h1_init.o)
    0x08001036   0x08001036   0x00000034   Code   RO         4569    .text               c_w.l(h1_extend.o)
    0x0800106a   0x0800106a   0x00000042   Code   RO         4579    .text               c_w.l(ftell.o)
    0x080010ac   0x080010ac   0x00000032   Code   RO         4587    .text               c_w.l(defsig_general.o)
    0x080010de   0x080010de   0x0000000e   Code   RO         4591    .text               c_w.l(defsig_rtmem_outer.o)
    0x080010ec   0x080010ec   0x0000000e   Code   RO         4606    .text               c_w.l(sys_wrch.o)
    0x080010fa   0x080010fa   0x00000002   PAD
    0x080010fc   0x080010fc   0x00000050   Code   RO         4614    .text               c_w.l(defsig_rtmem_inner.o)
    0x0800114c   0x0800114c   0x00000004   Code   RO          149    i.BusFault_Handler  stm32f10x_it.o
    0x08001150   0x08001150   0x00000002   Code   RO          150    i.DebugMon_Handler  stm32f10x_it.o
    0x08001152   0x08001152   0x00000116   Code   RO         2258    i.GPIO_Init         stm32f10x_gpio.o
    0x08001268   0x08001268   0x00000090   Code   RO         2260    i.GPIO_PinRemapConfig  stm32f10x_gpio.o
    0x080012f8   0x080012f8   0x00000004   Code   RO         2266    i.GPIO_SetBits      stm32f10x_gpio.o
    0x080012fc   0x080012fc   0x00000004   Code   RO          151    i.HardFault_Handler  stm32f10x_it.o
    0x08001300   0x08001300   0x0000004c   Code   RO          532    i.MPU_IIC_Ack       mpuiic.o
    0x0800134c   0x0800134c   0x0000000a   Code   RO          533    i.MPU_IIC_Delay     mpuiic.o
    0x08001356   0x08001356   0x00000002   PAD
    0x08001358   0x08001358   0x00000038   Code   RO          534    i.MPU_IIC_Init      mpuiic.o
    0x08001390   0x08001390   0x0000004c   Code   RO          535    i.MPU_IIC_NAck      mpuiic.o
    0x080013dc   0x080013dc   0x0000006c   Code   RO          536    i.MPU_IIC_Read_Byte  mpuiic.o
    0x08001448   0x08001448   0x0000005c   Code   RO          537    i.MPU_IIC_Send_Byte  mpuiic.o
    0x080014a4   0x080014a4   0x00000048   Code   RO          538    i.MPU_IIC_Start     mpuiic.o
    0x080014ec   0x080014ec   0x00000048   Code   RO          539    i.MPU_IIC_Stop      mpuiic.o
    0x08001534   0x08001534   0x00000064   Code   RO          540    i.MPU_IIC_Wait_Ack  mpuiic.o
    0x08001598   0x08001598   0x000000c0   Code   RO          453    i.MPU_Init          mpu6050.o
    0x08001658   0x08001658   0x0000003a   Code   RO          454    i.MPU_Read_Byte     mpu6050.o
    0x08001692   0x08001692   0x00000074   Code   RO          455    i.MPU_Read_Len      mpu6050.o
    0x08001706   0x08001706   0x00000010   Code   RO          456    i.MPU_Set_Accel_Fsr  mpu6050.o
    0x08001716   0x08001716   0x00000010   Code   RO          457    i.MPU_Set_Gyro_Fsr  mpu6050.o
    0x08001726   0x08001726   0x0000003a   Code   RO          458    i.MPU_Set_LPF       mpu6050.o
    0x08001760   0x08001760   0x0000003a   Code   RO          459    i.MPU_Set_Rate      mpu6050.o
    0x0800179a   0x0800179a   0x00000044   Code   RO          460    i.MPU_Write_Byte    mpu6050.o
    0x080017de   0x080017de   0x00000060   Code   RO          461    i.MPU_Write_Len     mpu6050.o
    0x0800183e   0x0800183e   0x00000004   Code   RO          152    i.MemManage_Handler  stm32f10x_it.o
    0x08001842   0x08001842   0x00000002   Code   RO          153    i.NMI_Handler       stm32f10x_it.o
    0x08001844   0x08001844   0x00000002   Code   RO          154    i.PendSV_Handler    stm32f10x_it.o
    0x08001846   0x08001846   0x00000002   PAD
    0x08001848   0x08001848   0x00000020   Code   RO         2674    i.RCC_APB1PeriphClockCmd  stm32f10x_rcc.o
    0x08001868   0x08001868   0x00000020   Code   RO         2676    i.RCC_APB2PeriphClockCmd  stm32f10x_rcc.o
    0x08001888   0x08001888   0x00000002   Code   RO          155    i.SVC_Handler       stm32f10x_it.o
    0x0800188a   0x0800188a   0x00000002   PAD
    0x0800188c   0x0800188c   0x00000108   Code   RO          329    i.SerialEnventListener  jy901.o
    0x08001994   0x08001994   0x00000008   Code   RO          212    i.SetSysClock       system_stm32f10x.o
    0x0800199c   0x0800199c   0x000000e0   Code   RO          213    i.SetSysClockTo72   system_stm32f10x.o
    0x08001a7c   0x08001a7c   0x00000002   Code   RO          156    i.SysTick_Handler   stm32f10x_it.o
    0x08001a7e   0x08001a7e   0x00000002   PAD
    0x08001a80   0x08001a80   0x00000060   Code   RO          215    i.SystemInit        system_stm32f10x.o
    0x08001ae0   0x08001ae0   0x00000018   Code   RO         3308    i.TIM_Cmd           stm32f10x_tim.o
    0x08001af8   0x08001af8   0x00000098   Code   RO         3337    i.TIM_OC1Init       stm32f10x_tim.o
    0x08001b90   0x08001b90   0x00000012   Code   RO         3340    i.TIM_OC1PreloadConfig  stm32f10x_tim.o
    0x08001ba2   0x08001ba2   0x00000002   PAD
    0x08001ba4   0x08001ba4   0x000000a4   Code   RO         3342    i.TIM_OC2Init       stm32f10x_tim.o
    0x08001c48   0x08001c48   0x0000001a   Code   RO         3345    i.TIM_OC2PreloadConfig  stm32f10x_tim.o
    0x08001c62   0x08001c62   0x00000002   PAD
    0x08001c64   0x08001c64   0x000000a0   Code   RO         3347    i.TIM_OC3Init       stm32f10x_tim.o
    0x08001d04   0x08001d04   0x00000012   Code   RO         3350    i.TIM_OC3PreloadConfig  stm32f10x_tim.o
    0x08001d16   0x08001d16   0x00000002   PAD
    0x08001d18   0x08001d18   0x0000007c   Code   RO         3352    i.TIM_OC4Init       stm32f10x_tim.o
    0x08001d94   0x08001d94   0x0000001a   Code   RO         3354    i.TIM_OC4PreloadConfig  stm32f10x_tim.o
    0x08001dae   0x08001dae   0x00000004   Code   RO         3369    i.TIM_SetCompare1   stm32f10x_tim.o
    0x08001db2   0x08001db2   0x00000004   Code   RO         3370    i.TIM_SetCompare2   stm32f10x_tim.o
    0x08001db6   0x08001db6   0x00000004   Code   RO         3371    i.TIM_SetCompare3   stm32f10x_tim.o
    0x08001dba   0x08001dba   0x00000006   Code   RO         3372    i.TIM_SetCompare4   stm32f10x_tim.o
    0x08001dc0   0x08001dc0   0x000000a4   Code   RO         3379    i.TIM_TimeBaseInit  stm32f10x_tim.o
    0x08001e64   0x08001e64   0x00000088   Code   RO          353    i.USART3_IRQHandler  uarts.o
    0x08001eec   0x08001eec   0x0000001e   Code   RO         3841    i.USART_ClearITPendingBit  stm32f10x_usart.o
    0x08001f0a   0x08001f0a   0x00000054   Code   RO         3848    i.USART_GetITStatus  stm32f10x_usart.o
    0x08001f5e   0x08001f5e   0x0000004a   Code   RO         3850    i.USART_ITConfig    stm32f10x_usart.o
    0x08001fa8   0x08001fa8   0x00000008   Code   RO         3861    i.USART_SendData    stm32f10x_usart.o
    0x08001fb0   0x08001fb0   0x00000004   Code   RO          157    i.UsageFault_Handler  stm32f10x_it.o
    0x08001fb4   0x08001fb4   0x00000028   Code   RO         4267    i.__ARM_fpclassify  m_ws.l(fpclassify.o)
    0x08001fdc   0x08001fdc   0x000000aa   Code   RO         4269    i.__kernel_poly     m_ws.l(poly.o)
    0x08002086   0x08002086   0x00000006   Code   RO         4254    i.__mathlib_dbl_infnan  m_ws.l(dunder.o)
    0x0800208c   0x0800208c   0x00000004   Code   RO         4255    i.__mathlib_dbl_infnan2  m_ws.l(dunder.o)
    0x08002090   0x08002090   0x0000000c   Code   RO         4256    i.__mathlib_dbl_invalid  m_ws.l(dunder.o)
    0x0800209c   0x0800209c   0x00000010   Code   RO         4259    i.__mathlib_dbl_underflow  m_ws.l(dunder.o)
    0x080020ac   0x080020ac   0x0000000e   Code   RO         4119    i._is_digit         c_w.l(__printf_wp.o)
    0x080020ba   0x080020ba   0x00000002   PAD
    0x080020bc   0x080020bc   0x000000ac   Code   RO          592    i.accel_self_test   inv_mpu.o
    0x08002168   0x08002168   0x00000270   Code   RO         4195    i.asin              m_ws.l(asin.o)
    0x080023d8   0x080023d8   0x00000220   Code   RO         4244    i.atan              m_ws.l(atan.o)
    0x080025f8   0x080025f8   0x00000180   Code   RO         4205    i.atan2             m_ws.l(atan2.o)
    0x08002778   0x08002778   0x00000064   Code   RO          921    i.decode_gesture    inv_mpu_dmp_motion_driver.o
    0x080027dc   0x080027dc   0x0000004c   Code   RO          301    i.delay_ms          delay.o
    0x08002828   0x08002828   0x0000004c   Code   RO          302    i.delay_us          delay.o
    0x08002874   0x08002874   0x0000003c   Code   RO          922    i.dmp_enable_6x_lp_quat  inv_mpu_dmp_motion_driver.o
    0x080028b0   0x080028b0   0x0000021c   Code   RO          923    i.dmp_enable_feature  inv_mpu_dmp_motion_driver.o
    0x08002acc   0x08002acc   0x00000058   Code   RO          924    i.dmp_enable_gyro_cal  inv_mpu_dmp_motion_driver.o
    0x08002b24   0x08002b24   0x0000003c   Code   RO          925    i.dmp_enable_lp_quat  inv_mpu_dmp_motion_driver.o
    0x08002b60   0x08002b60   0x00000018   Code   RO          930    i.dmp_load_motion_driver_firmware  inv_mpu_dmp_motion_driver.o
    0x08002b78   0x08002b78   0x000001cc   Code   RO          931    i.dmp_read_fifo     inv_mpu_dmp_motion_driver.o
    0x08002d44   0x08002d44   0x00000130   Code   RO          934    i.dmp_set_accel_bias  inv_mpu_dmp_motion_driver.o
    0x08002e74   0x08002e74   0x00000070   Code   RO          935    i.dmp_set_fifo_rate  inv_mpu_dmp_motion_driver.o
    0x08002ee4   0x08002ee4   0x00000130   Code   RO          936    i.dmp_set_gyro_bias  inv_mpu_dmp_motion_driver.o
    0x08003014   0x08003014   0x00000138   Code   RO          938    i.dmp_set_orientation  inv_mpu_dmp_motion_driver.o
    0x0800314c   0x0800314c   0x00000038   Code   RO          941    i.dmp_set_shake_reject_thresh  inv_mpu_dmp_motion_driver.o
    0x08003184   0x08003184   0x00000026   Code   RO          942    i.dmp_set_shake_reject_time  inv_mpu_dmp_motion_driver.o
    0x080031aa   0x080031aa   0x00000026   Code   RO          943    i.dmp_set_shake_reject_timeout  inv_mpu_dmp_motion_driver.o
    0x080031d0   0x080031d0   0x00000046   Code   RO          944    i.dmp_set_tap_axes  inv_mpu_dmp_motion_driver.o
    0x08003216   0x08003216   0x00000026   Code   RO          945    i.dmp_set_tap_count  inv_mpu_dmp_motion_driver.o
    0x0800323c   0x0800323c   0x000001a0   Code   RO          946    i.dmp_set_tap_thresh  inv_mpu_dmp_motion_driver.o
    0x080033dc   0x080033dc   0x00000026   Code   RO          947    i.dmp_set_tap_time  inv_mpu_dmp_motion_driver.o
    0x08003402   0x08003402   0x00000026   Code   RO          948    i.dmp_set_tap_time_multi  inv_mpu_dmp_motion_driver.o
    0x08003428   0x08003428   0x0000001a   Code   RO         4309    i.fputc             c_w.l(fputc.o)
    0x08003442   0x08003442   0x00000002   PAD
    0x08003444   0x08003444   0x000000b4   Code   RO          593    i.get_accel_prod_shift  inv_mpu.o
    0x080034f8   0x080034f8   0x00000470   Code   RO          594    i.get_st_biases     inv_mpu.o
    0x08003968   0x08003968   0x00000118   Code   RO          595    i.gyro_self_test    inv_mpu.o
    0x08003a80   0x08003a80   0x00000028   Code   RO          596    i.inv_orientation_matrix_to_scalar  inv_mpu.o
    0x08003aa8   0x08003aa8   0x0000004e   Code   RO          597    i.inv_row_2_scale   inv_mpu.o
    0x08003af6   0x08003af6   0x00000002   PAD
    0x08003af8   0x08003af8   0x00000130   Code   RO           17    i.main              main.o
    0x08003c28   0x08003c28   0x00000002   Code   RO          598    i.mget_ms           inv_mpu.o
    0x08003c2a   0x08003c2a   0x00000002   PAD
    0x08003c2c   0x08003c2c   0x00000070   Code   RO          599    i.mpu_configure_fifo  inv_mpu.o
    0x08003c9c   0x08003c9c   0x00000224   Code   RO          600    i.mpu_dmp_get_data  inv_mpu.o
    0x08003ec0   0x08003ec0   0x000000a0   Code   RO          601    i.mpu_dmp_init      inv_mpu.o
    0x08003f60   0x08003f60   0x0000004c   Code   RO          602    i.mpu_get_accel_fsr  inv_mpu.o
    0x08003fac   0x08003fac   0x00000054   Code   RO          604    i.mpu_get_accel_sens  inv_mpu.o
    0x08004000   0x08004000   0x00000010   Code   RO          609    i.mpu_get_fifo_config  inv_mpu.o
    0x08004010   0x08004010   0x00000044   Code   RO          610    i.mpu_get_gyro_fsr  inv_mpu.o
    0x08004054   0x08004054   0x00000050   Code   RO          612    i.mpu_get_gyro_sens  inv_mpu.o
    0x080040a4   0x080040a4   0x00000050   Code   RO          614    i.mpu_get_lpf       inv_mpu.o
    0x080040f4   0x080040f4   0x00000020   Code   RO          616    i.mpu_get_sample_rate  inv_mpu.o
    0x08004114   0x08004114   0x000001f0   Code   RO          618    i.mpu_init          inv_mpu.o
    0x08004304   0x08004304   0x000000b8   Code   RO          619    i.mpu_load_firmware  inv_mpu.o
    0x080043bc   0x080043bc   0x000000e0   Code   RO          620    i.mpu_lp_accel_mode  inv_mpu.o
    0x0800449c   0x0800449c   0x000000c0   Code   RO          623    i.mpu_read_fifo_stream  inv_mpu.o
    0x0800455c   0x0800455c   0x00000080   Code   RO          624    i.mpu_read_mem      inv_mpu.o
    0x080045dc   0x080045dc   0x000001c8   Code   RO          627    i.mpu_reset_fifo    inv_mpu.o
    0x080047a4   0x080047a4   0x0000011c   Code   RO          628    i.mpu_run_self_test  inv_mpu.o
    0x080048c0   0x080048c0   0x00000084   Code   RO          630    i.mpu_set_accel_fsr  inv_mpu.o
    0x08004944   0x08004944   0x0000014c   Code   RO          631    i.mpu_set_bypass    inv_mpu.o
    0x08004a90   0x08004a90   0x00000090   Code   RO          633    i.mpu_set_dmp_state  inv_mpu.o
    0x08004b20   0x08004b20   0x00000088   Code   RO          634    i.mpu_set_gyro_fsr  inv_mpu.o
    0x08004ba8   0x08004ba8   0x0000006c   Code   RO          635    i.mpu_set_int_latched  inv_mpu.o
    0x08004c14   0x08004c14   0x00000084   Code   RO          637    i.mpu_set_lpf       inv_mpu.o
    0x08004c98   0x08004c98   0x0000009c   Code   RO          638    i.mpu_set_sample_rate  inv_mpu.o
    0x08004d34   0x08004d34   0x000000d0   Code   RO          639    i.mpu_set_sensors   inv_mpu.o
    0x08004e04   0x08004e04   0x00000080   Code   RO          640    i.mpu_write_mem     inv_mpu.o
    0x08004e84   0x08004e84   0x00000044   Code   RO          420    i.pidInit           pid.o
    0x08004ec8   0x08004ec8   0x00000094   Code   RO          641    i.run_self_test     inv_mpu.o
    0x08004f5c   0x08004f5c   0x00000090   Code   RO          642    i.set_int_enable    inv_mpu.o
    0x08004fec   0x08004fec   0x0000004c   Code   RO         4273    i.sqrt              m_ws.l(sqrt.o)
    0x08005038   0x08005038   0x00000062   Code   RO         4140    x$fpl$d2f           fz_ws.l(d2f.o)
    0x0800509a   0x0800509a   0x00000002   PAD
    0x0800509c   0x0800509c   0x00000150   Code   RO         4142    x$fpl$dadd          fz_ws.l(daddsub_clz.o)
    0x080051ec   0x080051ec   0x00000010   Code   RO         4322    x$fpl$dcheck1       fz_ws.l(dcheck1.o)
    0x080051fc   0x080051fc   0x000002b0   Code   RO         4149    x$fpl$ddiv          fz_ws.l(ddiv.o)
    0x080054ac   0x080054ac   0x00000154   Code   RO         4158    x$fpl$dmul          fz_ws.l(dmul.o)
    0x08005600   0x08005600   0x0000009c   Code   RO         4230    x$fpl$dnaninf       fz_ws.l(dnaninf.o)
    0x0800569c   0x0800569c   0x0000000c   Code   RO         4232    x$fpl$dretinf       fz_ws.l(dretinf.o)
    0x080056a8   0x080056a8   0x00000016   Code   RO         4143    x$fpl$drsb          fz_ws.l(daddsub_clz.o)
    0x080056be   0x080056be   0x00000002   PAD
    0x080056c0   0x080056c0   0x000001cc   Code   RO         4326    x$fpl$dsqrt         fz_ws.l(dsqrt_noumaal.o)
    0x0800588c   0x0800588c   0x000001d4   Code   RO         4144    x$fpl$dsub          fz_ws.l(daddsub_clz.o)
    0x08005a60   0x08005a60   0x00000056   Code   RO         4160    x$fpl$f2d           fz_ws.l(f2d.o)
    0x08005ab6   0x08005ab6   0x00000002   PAD
    0x08005ab8   0x08005ab8   0x000000c4   Code   RO         4162    x$fpl$fadd          fz_ws.l(faddsub_clz.o)
    0x08005b7c   0x08005b7c   0x00000018   Code   RO         4234    x$fpl$fcmpinf       fz_ws.l(fcmpi.o)
    0x08005b94   0x08005b94   0x00000184   Code   RO         4169    x$fpl$fdiv          fz_ws.l(fdiv.o)
    0x08005d18   0x08005d18   0x00000068   Code   RO         4172    x$fpl$feqf          fz_ws.l(feqf.o)
    0x08005d80   0x08005d80   0x00000036   Code   RO         4174    x$fpl$ffix          fz_ws.l(ffix.o)
    0x08005db6   0x08005db6   0x00000002   PAD
    0x08005db8   0x08005db8   0x0000003e   Code   RO         4178    x$fpl$ffixu         fz_ws.l(ffixu.o)
    0x08005df6   0x08005df6   0x00000002   PAD
    0x08005df8   0x08005df8   0x00000030   Code   RO         4183    x$fpl$fflt          fz_ws.l(fflt_clz.o)
    0x08005e28   0x08005e28   0x00000026   Code   RO         4182    x$fpl$ffltu         fz_ws.l(fflt_clz.o)
    0x08005e4e   0x08005e4e   0x00000002   PAD
    0x08005e50   0x08005e50   0x00000068   Code   RO         4188    x$fpl$fleqf         fz_ws.l(fleqf.o)
    0x08005eb8   0x08005eb8   0x00000102   Code   RO         4190    x$fpl$fmul          fz_ws.l(fmul.o)
    0x08005fba   0x08005fba   0x0000008c   Code   RO         4236    x$fpl$fnaninf       fz_ws.l(fnaninf.o)
    0x08006046   0x08006046   0x0000000a   Code   RO         4238    x$fpl$fretinf       fz_ws.l(fretinf.o)
    0x08006050   0x08006050   0x00000062   Code   RO         4192    x$fpl$frleqf        fz_ws.l(frleqf.o)
    0x080060b2   0x080060b2   0x00000002   PAD
    0x080060b4   0x080060b4   0x000000ea   Code   RO         4164    x$fpl$fsub          fz_ws.l(faddsub_clz.o)
    0x0800619e   0x0800619e   0x00000064   Code   RO         4490    x$fpl$retnan        fz_ws.l(retnan.o)
    0x08006202   0x08006202   0x0000005c   Code   RO         4240    x$fpl$scalbn        fz_ws.l(scalbn.o)
    0x0800625e   0x0800625e   0x00000030   Code   RO         4554    x$fpl$trapveneer    fz_ws.l(trapv.o)
    0x0800628e   0x0800628e   0x00000000   Code   RO         4242    x$fpl$usenofp       fz_ws.l(usenofp.o)
    0x0800628e   0x0800628e   0x00000002   PAD
    0x08006290   0x08006290   0x00000050   Data   RO          644    .constdata          inv_mpu.o
    0x080062e0   0x080062e0   0x00000bf6   Data   RO          950    .constdata          inv_mpu_dmp_motion_driver.o
    0x08006ed6   0x08006ed6   0x00000011   Data   RO         4122    .constdata          c_w.l(__printf_flags_wp.o)
    0x08006ee7   0x08006ee7   0x00000001   PAD
    0x08006ee8   0x08006ee8   0x00000050   Data   RO         4196    .constdata          m_ws.l(asin.o)
    0x08006f38   0x08006f38   0x00000098   Data   RO         4245    .constdata          m_ws.l(atan.o)
    0x08006fd0   0x08006fd0   0x00000008   Data   RO         4271    .constdata          m_ws.l(qnan.o)
    0x08006fd8   0x08006fd8   0x00000004   Data   RO         4329    .constdata          c_w.l(sys_io.o)
    0x08006fdc   0x08006fdc   0x00000004   Data   RO         4330    .constdata          c_w.l(sys_io.o)
    0x08006fe0   0x08006fe0   0x00000004   Data   RO         4331    .constdata          c_w.l(sys_io.o)
    0x08006fe4   0x08006fe4   0x0000004d   Data   RO          645    .conststring        inv_mpu.o
    0x08007031   0x08007031   0x00000003   PAD
    0x08007034   0x08007034   0x00000020   Data   RO         4637    Region$$Table       anon$$obj.o


    Execution Region ER_RW (Exec base: 0x20000000, Load base: 0x08007054, Size: 0x000000a0, Max: 0xffffffff, ABSOLUTE)

    Exec Addr    Load Addr    Size         Type   Attr      Idx    E Section Name        Object

    0x20000000   0x08007054   0x0000000c   Data   RW           18    .data               main.o
    0x2000000c   0x08007060   0x00000004   Data   RW          303    .data               delay.o
    0x20000010   0x08007064   0x00000049   Data   RW          331    .data               jy901.o
    0x20000059   0x080070ad   0x00000002   Data   RW          358    .data               uarts.o
    0x2000005b   0x080070af   0x00000001   PAD
    0x2000005c   0x080070b0   0x00000035   Data   RW          646    .data               inv_mpu.o
    0x20000091   0x080070e5   0x00000003   PAD
    0x20000094   0x080070e8   0x00000004   Data   RW         4225    .data               c_w.l(stdio_streams.o)
    0x20000098   0x080070ec   0x00000004   Data   RW         4226    .data               c_w.l(stdio_streams.o)
    0x2000009c   0x080070f0   0x00000004   Data   RW         4227    .data               c_w.l(stdio_streams.o)


    Execution Region ER_ZI (Exec base: 0x200000a0, Load base: 0x080070f4, Size: 0x00000a60, Max: 0xffffffff, ABSOLUTE)

    Exec Addr    Load Addr    Size         Type   Attr      Idx    E Section Name        Object

    0x200000a0        -       0x000000fa   Zero   RW          330    .bss                jy901.o
    0x2000019a        -       0x000001fa   Zero   RW          357    .bss                uarts.o
    0x20000394        -       0x00000010   Zero   RW          949    .bss                inv_mpu_dmp_motion_driver.o
    0x200003a4        -       0x00000054   Zero   RW         4222    .bss                c_w.l(stdio_streams.o)
    0x200003f8        -       0x00000054   Zero   RW         4223    .bss                c_w.l(stdio_streams.o)
    0x2000044c        -       0x00000054   Zero   RW         4224    .bss                c_w.l(stdio_streams.o)
    0x200004a0        -       0x00000060   Zero   RW         4334    .bss                c_w.l(libspace.o)
    0x20000500        -       0x00000200   Zero   RW          247    HEAP                startup_stm32f10x_md.o
    0x20000700        -       0x00000400   Zero   RW          246    STACK               startup_stm32f10x_md.o


==============================================================================

Image component sizes


      Code (inc. data)   RO Data    RW Data    ZI Data      Debug   Object Name

         0          0          0          0          0       4540   core_cm3.o
       152          8          0          4          0       1218   delay.o
      6876        292        157         53          0      35115   inv_mpu.o
      3096        122       3062          0         16      20398   inv_mpu_dmp_motion_driver.o
       264         54          0         73        250       1138   jy901.o
       304         18          0         12          0     239540   main.o
       678         12          0          0          0       6131   mpu6050.o
       662        100          0          0          0       4626   mpuiic.o
        68         16          0          0          0        942   pid.o
        64         26        236          0       1536        796   startup_stm32f10x_md.o
       426          6          0          0          0       3317   stm32f10x_gpio.o
        26          0          0          0          0       3794   stm32f10x_it.o
        64         12          0          0          0       1074   stm32f10x_rcc.o
       894         92          0          0          0       8741   stm32f10x_tim.o
       196          0          0          0          0       4156   stm32f10x_usart.o
       328         28          0          0          0       1961   system_stm32f10x.o
       136         18          0          2        506       1318   uarts.o

    ----------------------------------------------------------------------
     14252        804       3490        148       2308     338805   Object Totals
         0          0         32          0          0          0   (incl. Generated)
        18          0          3          4          0          0   (incl. Padding)

    ----------------------------------------------------------------------

      Code (inc. data)   RO Data    RW Data    ZI Data      Debug   Library Member Name

         8          0          0          0          0         68   __main.o
       312          4         17          0          0         92   __printf_flags_wp.o
        14          0          0          0          0         68   __printf_wp.o
         0          0          0          0          0          0   __rtentry.o
        12          0          0          0          0          0   __rtentry2.o
         6          0          0          0          0          0   __rtentry4.o
        52          8          0          0          0          0   __scatter.o
        26          0          0          0          0          0   __scatter_copy.o
        28          0          0          0          0          0   __scatter_zi.o
        48          6          0          0          0         96   _printf_char_common.o
        36          4          0          0          0         80   _printf_char_file.o
         6          0          0          0          0          0   _printf_d.o
       120         16          0          0          0         92   _printf_dec.o
       178          0          0          0          0         88   _printf_intcommon.o
         0          0          0          0          0          0   _printf_percent.o
         4          0          0          0          0          0   _printf_percent_end.o
        22          0          0          0          0        100   _rserrno.o
        16          0          0          0          0         68   aeabi_memset.o
        10          0          0          0          0         68   defsig_exit.o
        50          0          0          0          0         88   defsig_general.o
        80         58          0          0          0         76   defsig_rtmem_inner.o
        14          0          0          0          0         80   defsig_rtmem_outer.o
        52         38          0          0          0         76   defsig_rtred_inner.o
        14          0          0          0          0         80   defsig_rtred_outer.o
        18          0          0          0          0         80   exit.o
        76          0          0          0          0         88   fclose.o
         8          0          0          0          0         68   ferror.o
       470          0          0          0          0         88   flsbuf.o
       236          4          0          0          0        128   fopen.o
        26          0          0          0          0         68   fputc.o
       248          6          0          0          0         84   fseek.o
        66          0          0          0          0         76   ftell.o
        94          0          0          0          0         80   h1_alloc.o
        52          0          0          0          0         68   h1_extend.o
        78          0          0          0          0         80   h1_free.o
        14          0          0          0          0         84   h1_init.o
         6          0          0          0          0        152   heapauxi.o
         4          0          0          0          0        136   hguard.o
         0          0          0          0          0          0   indicate_semi.o
       138          0          0          0          0        168   init_alloc.o
       312         46          0          0          0        112   initio.o
         2          0          0          0          0          0   libinit.o
        14          0          0          0          0          0   libinit2.o
         2          0          0          0          0          0   libshutdown.o
         6          0          0          0          0          0   libshutdown2.o
         8          4          0          0         96         68   libspace.o
        72          0          0          0          0         76   llsdiv.o
       238          0          0          0          0        100   lludivv7m.o
         0          0          0          0          0          0   maybetermalloc1.o
        88          0          0          0          0         76   memcmp.o
        24          4          0          0          0         84   noretval__2printf.o
         8          4          0          0          0         68   rt_errno_addr_intlibspace.o
         8          4          0          0          0         68   rt_heap_descriptor_intlibspace.o
        68          0          0          0          0         68   rt_memclr.o
        78          0          0          0          0         80   rt_memclr_w.o
         2          0          0          0          0          0   rtexit.o
        10          0          0          0          0          0   rtexit2.o
        70          0          0          0          0         80   setvbuf.o
       240          6          0          0          0        156   stdio.o
         0          0          0         12        252          0   stdio_streams.o
        62          0          0          0          0         76   strlen.o
        12          4          0          0          0         68   sys_exit.o
       102          0         12          0          0        240   sys_io.o
        74          0          0          0          0         80   sys_stackheap_outer.o
        14          0          0          0          0         76   sys_wrch.o
         2          0          0          0          0         68   use_no_semi.o
        98          4          0          0          0         92   d2f.o
       826         16          0          0          0        348   daddsub_clz.o
        16          4          0          0          0         68   dcheck1.o
       688        140          0          0          0        208   ddiv.o
       340         12          0          0          0        104   dmul.o
       156          4          0          0          0         92   dnaninf.o
        12          0          0          0          0         68   dretinf.o
       460         56          0          0          0        120   dsqrt_noumaal.o
        86          4          0          0          0         84   f2d.o
       430          8          0          0          0        168   faddsub_clz.o
        24          0          0          0          0         68   fcmpi.o
       388         76          0          0          0         96   fdiv.o
       104          4          0          0          0         84   feqf.o
        54          4          0          0          0         84   ffix.o
        62          4          0          0          0         84   ffixu.o
        86          0          0          0          0        136   fflt_clz.o
       104          4          0          0          0         84   fleqf.o
       258          4          0          0          0         84   fmul.o
       140          4          0          0          0         84   fnaninf.o
        10          0          0          0          0         68   fretinf.o
        98          0          0          0          0         68   frleqf.o
       100          0          0          0          0         68   retnan.o
        92          0          0          0          0         68   scalbn.o
        48          0          0          0          0         68   trapv.o
         0          0          0          0          0          0   usenofp.o
       624         52         80          0          0        168   asin.o
       544         70        152          0          0        124   atan.o
       384         38          0          0          0        144   atan2.o
        38          6          0          0          0        272   dunder.o
        40          0          0          0          0         68   fpclassify.o
       170          0          0          0          0         96   poly.o
         0          0          8          0          0          0   qnan.o
        76          0          0          0          0         84   sqrt.o

    ----------------------------------------------------------------------
     10744        730        270         12        348       7764   Library Totals
        30          0          1          0          0          0   (incl. Padding)

    ----------------------------------------------------------------------

      Code (inc. data)   RO Data    RW Data    ZI Data      Debug   Library Name

      4158        216         29         12        348       4312   c_w.l
      4680        348          0          0          0       2496   fz_ws.l
      1876        166        240          0          0        956   m_ws.l

    ----------------------------------------------------------------------
     10744        730        270         12        348       7764   Library Totals

    ----------------------------------------------------------------------

==============================================================================


      Code (inc. data)   RO Data    RW Data    ZI Data      Debug   

     24996       1534       3760        160       2656     336633   Grand Totals
     24996       1534       3760        160       2656     336633   ELF Image Totals
     24996       1534       3760        160          0          0   ROM Totals

==============================================================================

    Total RO  Size (Code + RO Data)                28756 (  28.08kB)
    Total RW  Size (RW Data + ZI Data)              2816 (   2.75kB)
    Total ROM Size (Code + RO Data + RW Data)      28916 (  28.24kB)

==============================================================================

